Tue May 21 20:52:47 PDT 2024
;; 1. Based on: run02
;; 2. Description: mCLB073 mouse plasma pk 1-cmt, proportional error: Changed the sig value to 2
;; x1. Author: user
;; Description: mCLB073 mouse plasma pk 1-cmt, proportional error
;; Author: aebustion
$PROBLEM    mouse plasma PK 1cmt prop error
$INPUT      ID TIME DOSEMGKG DVNGML WTG WTKG DV AMT EVID MDV AMTUG
$DATA      data_03.25.24.csv IGNORE=@
$SUBROUTINE ADVAN6 TOL=5
$MODEL      NCOMP=1 COMP=(CENTRAL,DEFDOSE)
$PK       
CL = THETA(1)*EXP(ETA(1))
V  = THETA(2)
KE = CL/V

$DES      
DADT(1)=-A(1)*KE

$ERROR         
IPRED=A(1)/V    ; predicting concentration
WA=THETA(3)    ; still including a theta for additive error. we'll fix it to zero in the THETA block
WP=THETA(4)
W = SQRT(WA**2+(WP*IPRED)**2) 
IRES=DV-IPRED
IWRES=IRES/W
Y = IPRED + W*EPS(1)            

$THETA  (0,0.00904) ; 1 CL L/h (based on excel estimates)
 (0,0.0669) ; 2 V L (based on excel estimates)
 0 FIX ; 3 Additive Error. Do (0)FIX for a proportional error model.
 (0,0.168) ; 4 Proportional Error. Do (0)FIX for an additive error model.
$OMEGA  0  FIX  ;     CL IIV
$SIGMA  1  FIX  ; eps residual variance
$ESTIMATION METHOD=1 INTERACTION PRINT=5 SIG=2 MAXEVAL=9999 NOABORT
$COVARIANCE UNCONDITIONAL
$TABLE      ID TIME IPRED PRED DV AMT WRES IWRES CWRES EVID
            FILE=sdtab04 NOPRINT ONEHEADER


NM-TRAN MESSAGES
  
 WARNINGS AND ERRORS (IF ANY) FOR PROBLEM    1
             
 (WARNING  2) NM-TRAN INFERS THAT THE DATA ARE POPULATION.
  
Note: Analytical 2nd Derivatives are constructed in FSUBS but are never used.
      You may insert $ABBR DERIV2=NO after the first $PROB to save FSUBS construction and compilation time
  

License Registered to: UCSF Dept of Bioengineering Therapeutic Sciences
Expiration Date:    14 APR 2025
Current Date:       21 MAY 2024
Days until program expires : 328
1NONLINEAR MIXED EFFECTS MODEL PROGRAM (NONMEM) VERSION 7.5.1
 ORIGINALLY DEVELOPED BY STUART BEAL, LEWIS SHEINER, AND ALISON BOECKMANN
 CURRENT DEVELOPERS ARE ROBERT BAUER, ICON DEVELOPMENT SOLUTIONS,
 AND ALISON BOECKMANN. IMPLEMENTATION, EFFICIENCY, AND STANDARDIZATION
 PERFORMED BY NOUS INFOSYSTEMS.

 PROBLEM NO.:         1
 mouse plasma PK 1cmt prop error
0DATA CHECKOUT RUN:              NO
 DATA SET LOCATED ON UNIT NO.:    2
 THIS UNIT TO BE REWOUND:        NO
 NO. OF DATA RECS IN DATA SET:       24
 NO. OF DATA ITEMS IN DATA SET:  11
 ID DATA ITEM IS DATA ITEM NO.:   1
 DEP VARIABLE IS DATA ITEM NO.:   7
 MDV DATA ITEM IS DATA ITEM NO.: 10
0INDICES PASSED TO SUBROUTINE PRED:
   9   2   8   0   0   0   0   0   0   0   0
0LABELS FOR DATA ITEMS:
 ID TIME DOSEMGKG DVNGML WTG WTKG DV AMT EVID MDV AMTUG
0(NONBLANK) LABELS FOR PRED-DEFINED ITEMS:
 IPRED IWRES
0FORMAT FOR DATA:
 (E2.0,E6.0,E2.0,E9.0,E6.0,E8.0,E9.0,E8.0,2E2.0,E6.0)

 TOT. NO. OF OBS RECS:       21
 TOT. NO. OF INDIVIDUALS:        3
0LENGTH OF THETA:   4
0DEFAULT THETA BOUNDARY TEST OMITTED:    NO
0OMEGA HAS SIMPLE DIAGONAL FORM WITH DIMENSION:   1
0DEFAULT OMEGA BOUNDARY TEST OMITTED:    NO
0SIGMA HAS SIMPLE DIAGONAL FORM WITH DIMENSION:   1
0DEFAULT SIGMA BOUNDARY TEST OMITTED:    NO
0INITIAL ESTIMATE OF THETA:
 LOWER BOUND    INITIAL EST    UPPER BOUND
  0.0000E+00     0.9040E-02     0.1000E+07
  0.0000E+00     0.6690E-01     0.1000E+07
  0.0000E+00     0.0000E+00     0.0000E+00
  0.0000E+00     0.1680E+00     0.1000E+07
0INITIAL ESTIMATE OF OMEGA:
 0.0000E+00
0OMEGA CONSTRAINED TO BE THIS INITIAL ESTIMATE
0INITIAL ESTIMATE OF SIGMA:
 0.1000E+01
0SIGMA CONSTRAINED TO BE THIS INITIAL ESTIMATE
0COVARIANCE STEP OMITTED:        NO
 EIGENVLS. PRINTED:              NO
 SPECIAL COMPUTATION:            NO
 COMPRESSED FORMAT:              NO
 GRADIENT METHOD USED:     NOSLOW
 SIGDIGITS ETAHAT (SIGLO):                  -1
 SIGDIGITS GRADIENTS (SIGL):                -1
 EXCLUDE COV FOR FOCE (NOFCOV):              NO
 Cholesky Transposition of R Matrix (CHOLROFF):0
 KNUTHSUMOFF:                                -1
 RESUME COV ANALYSIS (RESUME):               NO
 SIR SAMPLE SIZE (SIRSAMPLE):
 NON-LINEARLY TRANSFORM THETAS DURING COV (THBND): 1
 PRECONDTIONING CYCLES (PRECOND):        0
 PRECONDTIONING TYPES (PRECONDS):        TOS
 FORCED PRECONDTIONING CYCLES (PFCOND):0
 PRECONDTIONING TYPE (PRETYPE):        0
 FORCED POS. DEFINITE SETTING DURING PRECONDITIONING: (FPOSDEF):0
 SIMPLE POS. DEFINITE SETTING: (POSDEF):-1
0TABLES STEP OMITTED:    NO
 NO. OF TABLES:           1
 SEED NUMBER (SEED):    11456
 NPDTYPE:    0
 INTERPTYPE:    0
 RANMETHOD:             3U
 MC SAMPLES (ESAMPLE):    300
 WRES SQUARE ROOT TYPE (WRESCHOL): EIGENVALUE
0-- TABLE   1 --
0RECORDS ONLY:    ALL
04 COLUMNS APPENDED:    YES
 PRINTED:                NO
 HEADER:                YES
 FILE TO BE FORWARDED:   NO
 FORMAT:                S1PE11.4
 IDFORMAT:
 LFORMAT:
 RFORMAT:
 FIXED_EFFECT_ETAS:
0USER-CHOSEN ITEMS:
 ID TIME IPRED DV AMT IWRES CWRES EVID
1DOUBLE PRECISION PREDPP VERSION 7.5.1

 GENERAL NONLINEAR KINETICS MODEL (DVERK1, ADVAN6)
0MODEL SUBROUTINE USER-SUPPLIED - ID NO. 9999
0MAXIMUM NO. OF BASIC PK PARAMETERS:   1
0COMPARTMENT ATTRIBUTES
 COMPT. NO.   FUNCTION   INITIAL    ON/OFF      DOSE      DEFAULT    DEFAULT
                         STATUS     ALLOWED    ALLOWED    FOR DOSE   FOR OBS.
    1         CENTRAL      ON         YES        YES        YES        YES
    2         OUTPUT       OFF        YES        NO         NO         NO
 INITIAL (BASE) TOLERANCE SETTINGS:
 NRD (RELATIVE) VALUE OF TOLERANCE:   5
 ANRD (ABSOLUTE) VALUE OF TOLERANCE:  12
1
 ADDITIONAL PK PARAMETERS - ASSIGNMENT OF ROWS IN GG
 COMPT. NO.                             INDICES
              SCALE      BIOAVAIL.   ZERO-ORDER  ZERO-ORDER  ABSORB
                         FRACTION    RATE        DURATION    LAG
    1            *           *           *           *           *
    2            *           -           -           -           -
             - PARAMETER IS NOT ALLOWED FOR THIS MODEL
             * PARAMETER IS NOT SUPPLIED BY PK SUBROUTINE;
               WILL DEFAULT TO ONE IF APPLICABLE
0DATA ITEM INDICES USED BY PRED ARE:
   EVENT ID DATA ITEM IS DATA ITEM NO.:      9
   TIME DATA ITEM IS DATA ITEM NO.:          2
   DOSE AMOUNT DATA ITEM IS DATA ITEM NO.:   8

0PK SUBROUTINE CALLED WITH EVERY EVENT RECORD.
 PK SUBROUTINE NOT CALLED AT NONEVENT (ADDITIONAL OR LAGGED) DOSE TIMES.
0ERROR SUBROUTINE CALLED WITH EVERY EVENT RECORD.
0ERROR SUBROUTINE INDICATES THAT DERIVATIVES OF COMPARTMENT AMOUNTS ARE USED.
0DES SUBROUTINE USES COMPACT STORAGE MODE.
1


 #TBLN:      1
 #METH: First Order Conditional Estimation with Interaction

 ESTIMATION STEP OMITTED:                 NO
 ANALYSIS TYPE:                           POPULATION
 NUMBER OF SADDLE POINT RESET ITERATIONS:      0
 GRADIENT METHOD USED:               NOSLOW
 CONDITIONAL ESTIMATES USED:              YES
 CENTERED ETA:                            NO
 EPS-ETA INTERACTION:                     YES
 LAPLACIAN OBJ. FUNC.:                    NO
 NO. OF FUNCT. EVALS. ALLOWED:            9999
 NO. OF SIG. FIGURES REQUIRED:            2
 INTERMEDIATE PRINTOUT:                   YES
 ESTIMATE OUTPUT TO MSF:                  NO
 ABORT WITH PRED EXIT CODE 1:             NO
 IND. OBJ. FUNC. VALUES SORTED:           NO
 NUMERICAL DERIVATIVE
       FILE REQUEST (NUMDER):               NONE
 MAP (ETAHAT) ESTIMATION METHOD (OPTMAP):   0
 ETA HESSIAN EVALUATION METHOD (ETADER):    0
 INITIAL ETA FOR MAP ESTIMATION (MCETA):    0
 SIGDIGITS FOR MAP ESTIMATION (SIGLO):      100
 GRADIENT SIGDIGITS OF
       FIXED EFFECTS PARAMETERS (SIGL):     100
 NOPRIOR SETTING (NOPRIOR):                 0
 NOCOV SETTING (NOCOV):                     OFF
 DERCONT SETTING (DERCONT):                 OFF
 FINAL ETA RE-EVALUATION (FNLETA):          1
 EXCLUDE NON-INFLUENTIAL (NON-INFL.) ETAS
       IN SHRINKAGE (ETASTYPE):             NO
 NON-INFL. ETA CORRECTION (NONINFETA):      0
 RAW OUTPUT FILE (FILE): psn.ext
 EXCLUDE TITLE (NOTITLE):                   NO
 EXCLUDE COLUMN LABELS (NOLABEL):           NO
 FORMAT FOR ADDITIONAL FILES (FORMAT):      S1PE12.5
 PARAMETER ORDER FOR OUTPUTS (ORDER):       TSOL
 KNUTHSUMOFF:                               0
 INCLUDE LNTWOPI:                           NO
 INCLUDE CONSTANT TERM TO PRIOR (PRIORC):   NO
 INCLUDE CONSTANT TERM TO OMEGA (ETA) (OLNTWOPI):NO
 ADDITIONAL CONVERGENCE TEST (CTYPE=4)?:    NO
 EM OR BAYESIAN METHOD USED:                 NONE

 TOLERANCES FOR ESTIMATION/EVALUATION STEP:
 NRD (RELATIVE) VALUE OF TOLERANCE:   5
 ANRD (ABSOLUTE) VALUE OF TOLERANCE:  12
 TOLERANCES FOR COVARIANCE STEP:
 NRD (RELATIVE) VALUE OF TOLERANCE:   5
 ANRD (ABSOLUTE) VALUE OF TOLERANCE:  12
 TOLERANCES FOR TABLE/SCATTER STEP:
 NRD (RELATIVE) VALUE OF TOLERANCE:   5
 ANRD (ABSOLUTE) VALUE OF TOLERANCE:  12

 THE FOLLOWING LABELS ARE EQUIVALENT
 PRED=PREDI
 RES=RESI
 WRES=WRESI
 IWRS=IWRESI
 IPRD=IPREDI
 IRS=IRESI

 MONITORING OF SEARCH:


0ITERATION NO.:    0    OBJECTIVE VALUE:  -81.8361051486158        NO. OF FUNC. EVALS.:   5
 CUMULATIVE NO. OF FUNC. EVALS.:        5
 NPARAMETR:  9.0400E-03  6.6900E-02  1.6800E-01
 PARAMETER:  1.0000E-01  1.0000E-01  1.0000E-01
 GRADIENT:   2.7800E+00  3.4432E-01 -6.2963E-03

0ITERATION NO.:    2    OBJECTIVE VALUE:  -81.8361051486158        NO. OF FUNC. EVALS.:  25
 CUMULATIVE NO. OF FUNC. EVALS.:       30
 NPARAMETR:  9.0400E-03  6.6900E-02  1.6800E-01
 PARAMETER:  1.0000E-01  1.0000E-01  1.0000E-01
 GRADIENT:   1.3008E+00 -6.6303E-01 -2.7320E-02

 #TERM:
0MINIMIZATION SUCCESSFUL
 HOWEVER, PROBLEMS OCCURRED WITH THE MINIMIZATION.
 REGARD THE RESULTS OF THE ESTIMATION STEP CAREFULLY, AND ACCEPT THEM ONLY
 AFTER CHECKING THAT THE COVARIANCE STEP PRODUCES REASONABLE OUTPUT.
 NO. OF FUNCTION EVALUATIONS USED:       30
 NO. OF SIG. DIGITS IN FINAL EST.:  2.1

 ETABAR IS THE ARITHMETIC MEAN OF THE ETA-ESTIMATES,
 AND THE P-VALUE IS GIVEN FOR THE NULL HYPOTHESIS THAT THE TRUE MEAN IS 0.

 ETABAR:         0.0000E+00
 SE:             0.0000E+00
 N:                       3

 P VAL.:         1.0000E+00

 ETASHRINKSD(%)  0.0000E+00
 ETASHRINKVR(%)  0.0000E+00
 EBVSHRINKSD(%)  0.0000E+00
 EBVSHRINKVR(%)  0.0000E+00
 RELATIVEINF(%)  0.0000E+00
 EPSSHRINKSD(%)  1.0000E-10
 EPSSHRINKVR(%)  1.0000E-10

  
 TOTAL DATA POINTS NORMALLY DISTRIBUTED (N):           21
 N*LOG(2PI) CONSTANT TO OBJECTIVE FUNCTION:    38.595418394596251     
 OBJECTIVE FUNCTION VALUE WITHOUT CONSTANT:   -81.836105148615800     
 OBJECTIVE FUNCTION VALUE WITH CONSTANT:      -43.240686754019549     
 REPORTED OBJECTIVE FUNCTION DOES NOT CONTAIN CONSTANT
  
 TOTAL EFFECTIVE ETAS (NIND*NETA):                             0
  
 #TERE:
 Elapsed estimation  time in seconds:     0.00
 Elapsed covariance  time in seconds:     0.00
 Elapsed postprocess time in seconds:     0.01
1
 
 
 
 
 
 
 
 
 
 
 
 
 
 
 
 
 
 
 
 
 ************************************************************************************************************************
 ********************                                                                                ********************
 ********************               FIRST ORDER CONDITIONAL ESTIMATION WITH INTERACTION              ********************
 #OBJT:**************                       MINIMUM VALUE OF OBJECTIVE FUNCTION                      ********************
 ********************                                                                                ********************
 ************************************************************************************************************************
 





 #OBJV:********************************************      -81.836       **************************************************
1
 ************************************************************************************************************************
 ********************                                                                                ********************
 ********************               FIRST ORDER CONDITIONAL ESTIMATION WITH INTERACTION              ********************
 ********************                             FINAL PARAMETER ESTIMATE                           ********************
 ********************                                                                                ********************
 ************************************************************************************************************************
 


 THETA - VECTOR OF FIXED EFFECTS PARAMETERS   *********


         TH 1      TH 2      TH 3      TH 4     
 
         9.04E-03  6.69E-02  0.00E+00  1.68E-01
 


 OMEGA - COV MATRIX FOR RANDOM EFFECTS - ETAS  ********


         ETA1     
 
 ETA1
+        0.00E+00
 


 SIGMA - COV MATRIX FOR RANDOM EFFECTS - EPSILONS  ****


         EPS1     
 
 EPS1
+        1.00E+00
 
1


 OMEGA - CORR MATRIX FOR RANDOM EFFECTS - ETAS  *******


         ETA1     
 
 ETA1
+        0.00E+00
 


 SIGMA - CORR MATRIX FOR RANDOM EFFECTS - EPSILONS  ***


         EPS1     
 
 EPS1
+        1.00E+00
 
1
 ************************************************************************************************************************
 ********************                                                                                ********************
 ********************               FIRST ORDER CONDITIONAL ESTIMATION WITH INTERACTION              ********************
 ********************                            STANDARD ERROR OF ESTIMATE                          ********************
 ********************                                                                                ********************
 ************************************************************************************************************************
 


 THETA - VECTOR OF FIXED EFFECTS PARAMETERS   *********


         TH 1      TH 2      TH 3      TH 4     
 
         7.73E-06  1.34E-03 .........  1.34E-02
 


 OMEGA - COV MATRIX FOR RANDOM EFFECTS - ETAS  ********


         ETA1     
 
 ETA1
+       .........
 


 SIGMA - COV MATRIX FOR RANDOM EFFECTS - EPSILONS  ****


         EPS1     
 
 EPS1
+       .........
 
1


 OMEGA - CORR MATRIX FOR RANDOM EFFECTS - ETAS  *******


         ETA1     
 
 ETA1
+       .........
 


 SIGMA - CORR MATRIX FOR RANDOM EFFECTS - EPSILONS  ***


         EPS1     
 
 EPS1
+       .........
 
1
 ************************************************************************************************************************
 ********************                                                                                ********************
 ********************               FIRST ORDER CONDITIONAL ESTIMATION WITH INTERACTION              ********************
 ********************                          COVARIANCE MATRIX OF ESTIMATE                         ********************
 ********************                                                                                ********************
 ************************************************************************************************************************
 

            TH 1      TH 2      TH 3      TH 4      OM11      SG11  
 
 TH 1
+        5.97E-11
 
 TH 2
+       -9.78E-09  1.79E-06
 
 TH 3
+       ......... ......... .........
 
 TH 4
+       -4.57E-08  7.71E-06 .........  1.79E-04
 
 OM11
+       ......... ......... ......... ......... .........
 
 SG11
+       ......... ......... ......... ......... ......... .........
 
1
 ************************************************************************************************************************
 ********************                                                                                ********************
 ********************               FIRST ORDER CONDITIONAL ESTIMATION WITH INTERACTION              ********************
 ********************                          CORRELATION MATRIX OF ESTIMATE                        ********************
 ********************                                                                                ********************
 ************************************************************************************************************************
 

            TH 1      TH 2      TH 3      TH 4      OM11      SG11  
 
 TH 1
+        7.73E-06
 
 TH 2
+       -9.45E-01  1.34E-03
 
 TH 3
+       ......... ......... .........
 
 TH 4
+       -4.41E-01  4.30E-01 .........  1.34E-02
 
 OM11
+       ......... ......... ......... ......... .........
 
 SG11
+       ......... ......... ......... ......... ......... .........
 
1
 ************************************************************************************************************************
 ********************                                                                                ********************
 ********************               FIRST ORDER CONDITIONAL ESTIMATION WITH INTERACTION              ********************
 ********************                      INVERSE COVARIANCE MATRIX OF ESTIMATE                     ********************
 ********************                                                                                ********************
 ************************************************************************************************************************
 

            TH 1      TH 2      TH 3      TH 4      OM11      SG11  
 
 TH 1
+        1.59E+11
 
 TH 2
+        8.52E+08  5.24E+06
 
 TH 3
+       ......... ......... .........
 
 TH 4
+        3.94E+06 -8.35E+03 .........  6.95E+03
 
 OM11
+       ......... ......... ......... ......... .........
 
 SG11
+       ......... ......... ......... ......... ......... .........
 
 Elapsed finaloutput time in seconds:     0.01
 #CPUT: Total CPU Time in Seconds,        0.018
Stop Time:
Tue May 21 20:52:55 PDT 2024
