Thu Dec 22 08:08:12 PST 2022
;; ; 2. Description: ETH 1 cmt IIV on CL, V, KA +ALAG1
;; x1. Author: Silver
;; 1. Based on: 1
$SIZES      PD=-100
$PROBLEM    Ethambutol 1 comp PK
$INPUT      ID USUBJIDNEW FIRSTDDATE=DROP NDATE=DROP NTIME=DROP DAY DV
            MDV EVID AMT COMPAR LLOQ BLOQ ACTTIME TAF SITE AFRICAN ARM
            AGE SEX RACE HIV CD4 VIRALLOAD HT WT BMI CAVITY CXRCLASS
            CXREXTNT SMEAR KARNOFSKY AESAE DIABETES ALCOHOL DOSEESTX
            DTC NDOT VOMIT DRUG DOSER DOSEP DOSEH DOSEZ DOSEE DOSEM
            TIME TAD TRAIN_FLAG NO_PK DIABETES2
$DATA      prelim_data_EMB_20221217_D.csv IGNORE=@ IGNORE(TAD.GT.13)
$SUBROUTINE ADVAN6 TOL=5
$MODEL      NCOMP=2 COMP=(ABS,DEFDOSE) COMP=(CENTRAL,DEFOBS)
$PK



;; F1RACE-DEFINITION START
IF(RACE.EQ.1.0000E+00) F1RACE = 1  ; Most common
IF(RACE.EQ.5.0000E+00) F1RACE = ( 1 + THETA(7))
IF(RACE.EQ.2.0000E+00) F1RACE = 1 
IF(RACE.EQ.4.0000E+00) F1RACE = 1
IF(RACE.EQ.3.0000E+00) F1RACE = 1
;;; F1RACE-DEFINITION END



;;; F1-RELATION START
F1COV=F1RACE
;;; F1-RELATION END


;;; CLDIABETES-DEFINITION START
IF(DIABETES2.EQ.0.0000E+00) CLDIABETES2 = 1  ; Most common
IF(DIABETES2.EQ.1.0000E+00) CLDIABETES2 = ( 1 + THETA(8))
;;; CLDIABETES-DEFINITION END


;;; CLWT-DEFINITION START
CLWT = EXP(THETA(9)*(WT - 53))
;;; CLWT-DEFINITION END


;;; CL-RELATION START
CLCOV=CLDIABETES2*CLWT
;;; CL-RELATION END




TVALAG1 = THETA(6)
ALAG1 = TVALAG1 * EXP(ETA(5))

TVCL = THETA(3) * CLCOV
CL = TVCL * EXP(ETA(1))

TVV = THETA(4)
V = TVV*EXP(ETA(2))

TVKA = TVCL/TVV + THETA(5)
KA = TVKA*EXP(ETA(3))

KE = CL/V  


S2 = V
TVF1 = 1 * F1COV
F1 = TVF1 * EXP(ETA(4))


$DES      
DADT(1)=-KA*A(1)
DADT(2)= KA*A(1)-KE*A(2)

$ERROR         

IPRED=A(2)/V

WA=THETA(1) 
WP=THETA(2)
W = SQRT(WA**2+(WP*IPRED)**2)
IRES=DV-IPRED
IWRES=IRES/W
Y = IPRED + W*EPS(1)


$THETA  0 FIX ; 1 Additive Error mg/L
 (0,0.5288) ; 2 Proportional Error
 (0,15.69893) ; 3 CL L/h
 (0,50.6803) ; 4 V L
 (0,0.083198) ; 5 KA 1/h
 (0,0.5) ; 6 ALAG1 h
 (-1,-0.114561,5) ; F1RACE1
 (-1,0.240567,5) ; CLDIABETES2
 (-0.104662958772457,0.0269937,0.104662958772457) ; CLWT
$OMEGA  0.10328  ;     IIV CL
 0.1  ;      IIV V
 0.1  ;     IIV KA
 0  FIX  ;     IIV F1
 0  FIX  ;  IIV ALAG1
$SIGMA  1  FIX
$ESTIMATION METHOD=1 INTERACTION PRINT=5 SIG=3 MAXEVAL=9999 NOABORT
$COVARIANCE PRINT=E UNCONDITIONAL
;Sim_start

; $SIM (12345) (54321) ONLYSIM NSUB=200
$TABLE      USUBJIDNEW ID IPRED TIME DAY DRUG DOSER DOSEP DOSEH DOSEZ
            DOSEE DOSEM TAD DV MDV EVID AMT LLOQ BLOQ ACTTIME TAF SITE
            AFRICAN ARM AGE SEX RACE HIV CD4 VIRALLOAD HT WT BMI
            CAVITY CXRCLASS CXREXTNT SMEAR KARNOFSKY AESAE DIABETES
            DIABETES2 ALCOHOL DOSEESTX DTC NDOT VOMIT PRED IPRED CL
            CLWT V KA F1 ALAG1 TVALAG1 TVF1 TVV TVCL TVKA WRES CWRES
            ETA1 ETA2 ETA3 ETA4 NOPRINT FORMAT=s1PE17.9 ONEHEADER
            FILE=emb04


NM-TRAN MESSAGES
  
 WARNINGS AND ERRORS (IF ANY) FOR PROBLEM    1
             
 (WARNING  2) NM-TRAN INFERS THAT THE DATA ARE POPULATION.

License Registered to: UCSF Rada Savic
Expiration Date:    14 APR 2023
Current Date:       22 DEC 2022
Days until program expires : 117
1NONLINEAR MIXED EFFECTS MODEL PROGRAM (NONMEM) VERSION 7.4.3
 ORIGINALLY DEVELOPED BY STUART BEAL, LEWIS SHEINER, AND ALISON BOECKMANN
 CURRENT DEVELOPERS ARE ROBERT BAUER, ICON DEVELOPMENT SOLUTIONS,
 AND ALISON BOECKMANN. IMPLEMENTATION, EFFICIENCY, AND STANDARDIZATION
 PERFORMED BY NOUS INFOSYSTEMS.

 PROBLEM NO.:         1
 Ethambutol 1 comp PK
0DATA CHECKOUT RUN:              NO
 DATA SET LOCATED ON UNIT NO.:    2
 THIS UNIT TO BE REWOUND:        NO
 NO. OF DATA RECS IN DATA SET:    58698
 NO. OF DATA ITEMS IN DATA SET:  48
 ID DATA ITEM IS DATA ITEM NO.:   1
 DEP VARIABLE IS DATA ITEM NO.:   4
 MDV DATA ITEM IS DATA ITEM NO.:  5
0INDICES PASSED TO SUBROUTINE PRED:
   6  44   7   0   0   0   0   0   0   0   0
0LABELS FOR DATA ITEMS:
 ID USUBJIDNEW DAY DV MDV EVID AMT COMPAR LLOQ BLOQ ACTTIME TAF SITE AFRICAN ARM AGE SEX RACE HIV CD4 VIRALLOAD HT WT BMI
 CAVITY CXRCLASS CXREXTNT SMEAR KARNOFSKY AESAE DIABETES ALCOHOL DOSEESTX DTC NDOT VOMIT DRUG DOSER DOSEP DOSEH DOSEZ
 DOSEE DOSEM TIME TAD TRAIN_FLAG NO_PK DIABETES2
0(NONBLANK) LABELS FOR PRED-DEFINED ITEMS:
 CLWT TVALAG1 ALAG1 TVCL CL TVV V TVKA KA TVF1 F1 IPRED
0FORMAT FOR DATA:
 (7(6E12.0/),6E12.0)

 TOT. NO. OF OBS RECS:     3077
 TOT. NO. OF INDIVIDUALS:     1653
0LENGTH OF THETA:   9
0DEFAULT THETA BOUNDARY TEST OMITTED:    NO
0OMEGA HAS BLOCK FORM:
  1
  0  2
  0  0  3
  0  0  0  4
  0  0  0  0  5
0DEFAULT OMEGA BOUNDARY TEST OMITTED:    NO
0SIGMA HAS SIMPLE DIAGONAL FORM WITH DIMENSION:   1
0DEFAULT SIGMA BOUNDARY TEST OMITTED:    NO
0INITIAL ESTIMATE OF THETA:
 LOWER BOUND    INITIAL EST    UPPER BOUND
  0.0000E+00     0.0000E+00     0.0000E+00
  0.0000E+00     0.5288E+00     0.1000E+07
  0.0000E+00     0.1570E+02     0.1000E+07
  0.0000E+00     0.5068E+02     0.1000E+07
  0.0000E+00     0.8320E-01     0.1000E+07
  0.0000E+00     0.5000E+00     0.1000E+07
 -0.1000E+01    -0.1146E+00     0.5000E+01
 -0.1000E+01     0.2406E+00     0.5000E+01
 -0.1047E+00     0.2699E-01     0.1047E+00
0INITIAL ESTIMATE OF OMEGA:
 BLOCK SET NO.   BLOCK                                                                    FIXED
        1                                                                                   NO
                  0.1033E+00
        2                                                                                   NO
                  0.1000E+00
        3                                                                                   NO
                  0.1000E+00
        4                                                                                  YES
                  0.0000E+00
        5                                                                                  YES
                  0.0000E+00
0INITIAL ESTIMATE OF SIGMA:
 0.1000E+01
0SIGMA CONSTRAINED TO BE THIS INITIAL ESTIMATE
0COVARIANCE STEP OMITTED:        NO
 EIGENVLS. PRINTED:             YES
 SPECIAL COMPUTATION:            NO
 COMPRESSED FORMAT:              NO
 GRADIENT METHOD USED:     NOSLOW
 SIGDIGITS ETAHAT (SIGLO):                  -1
 SIGDIGITS GRADIENTS (SIGL):                -1
 EXCLUDE COV FOR FOCE (NOFCOV):              NO
 TURN OFF Cholesky Transposition of R Matrix (CHOLROFF): NO
 KNUTHSUMOFF:                                -1
 RESUME COV ANALYSIS (RESUME):               NO
 SIR SAMPLE SIZE (SIRSAMPLE):              -1
 NON-LINEARLY TRANSFORM THETAS DURING COV (THBND): 1
 PRECONDTIONING CYCLES (PRECOND):        0
 PRECONDTIONING TYPES (PRECONDS):        TOS
 FORCED PRECONDTIONING CYCLES (PFCOND):0
 PRECONDTIONING TYPE (PRETYPE):        0
 FORCED POS. DEFINITE SETTING: (FPOSDEF):0
0TABLES STEP OMITTED:    NO
 NO. OF TABLES:           1
 SEED NUMBER (SEED):    11456
 RANMETHOD:             3U
 MC SAMPLES (ESAMPLE):    300
 WRES SQUARE ROOT TYPE (WRESCHOL): EIGENVALUE
0-- TABLE   1 --
0RECORDS ONLY:    ALL
04 COLUMNS APPENDED:    YES
 PRINTED:                NO
 HEADERS:               ONE
 FILE TO BE FORWARDED:   NO
 FORMAT:                s1PE17.9
 LFORMAT:
 RFORMAT:
 FIXED_EFFECT_ETAS:
0USER-CHOSEN ITEMS:
 USUBJIDNEW ID IPRED TIME DAY DRUG DOSER DOSEP DOSEH DOSEZ DOSEE DOSEM TAD DV MDV EVID AMT LLOQ BLOQ ACTTIME TAF SITE
 AFRICAN ARM AGE SEX RACE HIV CD4 VIRALLOAD HT WT BMI CAVITY CXRCLASS CXREXTNT SMEAR KARNOFSKY AESAE DIABETES DIABETES2
 ALCOHOL DOSEESTX DTC NDOT VOMIT IPRED CL CLWT V KA F1 ALAG1 TVALAG1 TVF1 TVV TVCL TVKA CWRES ETA1 ETA2 ETA3 ETA4
1DOUBLE PRECISION PREDPP VERSION 7.4.3

 GENERAL NONLINEAR KINETICS MODEL (DVERK1, ADVAN6)
0MODEL SUBROUTINE USER-SUPPLIED - ID NO. 9999
0MAXIMUM NO. OF BASIC PK PARAMETERS:   2
0COMPARTMENT ATTRIBUTES
 COMPT. NO.   FUNCTION   INITIAL    ON/OFF      DOSE      DEFAULT    DEFAULT
                         STATUS     ALLOWED    ALLOWED    FOR DOSE   FOR OBS.
    1         ABS          ON         YES        YES        YES        NO
    2         CENTRAL      ON         YES        YES        NO         YES
    3         OUTPUT       OFF        YES        NO         NO         NO
 INITIAL (BASE) TOLERANCE SETTINGS:
 NRD (RELATIVE) VALUE OF TOLERANCE:   5
 ANRD (ABSOLUTE) VALUE OF TOLERANCE:  12
1
 ADDITIONAL PK PARAMETERS - ASSIGNMENT OF ROWS IN GG
 COMPT. NO.                             INDICES
              SCALE      BIOAVAIL.   ZERO-ORDER  ZERO-ORDER  ABSORB
                         FRACTION    RATE        DURATION    LAG
    1            *           5           *           *           3
    2            4           *           *           *           *
    3            *           -           -           -           -
             - PARAMETER IS NOT ALLOWED FOR THIS MODEL
             * PARAMETER IS NOT SUPPLIED BY PK SUBROUTINE;
               WILL DEFAULT TO ONE IF APPLICABLE
0DATA ITEM INDICES USED BY PRED ARE:
   EVENT ID DATA ITEM IS DATA ITEM NO.:      6
   TIME DATA ITEM IS DATA ITEM NO.:         44
   DOSE AMOUNT DATA ITEM IS DATA ITEM NO.:   7

0PK SUBROUTINE CALLED WITH EVERY EVENT RECORD.
 PK SUBROUTINE NOT CALLED AT NONEVENT (ADDITIONAL OR LAGGED) DOSE TIMES.
0ERROR SUBROUTINE CALLED WITH EVERY EVENT RECORD.
0ERROR SUBROUTINE INDICATES THAT DERIVATIVES OF COMPARTMENT AMOUNTS ARE USED.
0DES SUBROUTINE USES COMPACT STORAGE MODE.

 #PARA: PARAFILE=/wynton/home/savic/shared/nm743_v3/run/mpilinux8.pnm, PROTOCOL=MPI, NODES= 8

1


 #TBLN:      1
 #METH: First Order Conditional Estimation with Interaction

 ESTIMATION STEP OMITTED:                 NO
 ANALYSIS TYPE:                           POPULATION
 NUMBER OF SADDLE POINT RESET ITERATIONS:      0
 GRADIENT METHOD USED:               NOSLOW
 CONDITIONAL ESTIMATES USED:              YES
 CENTERED ETA:                            NO
 EPS-ETA INTERACTION:                     YES
 LAPLACIAN OBJ. FUNC.:                    NO
 NO. OF FUNCT. EVALS. ALLOWED:            9999
 NO. OF SIG. FIGURES REQUIRED:            3
 INTERMEDIATE PRINTOUT:                   YES
 ESTIMATE OUTPUT TO MSF:                  NO
 ABORT WITH PRED EXIT CODE 1:             NO
 IND. OBJ. FUNC. VALUES SORTED:           NO
 NUMERICAL DERIVATIVE
       FILE REQUEST (NUMDER):               NONE
 MAP (ETAHAT) ESTIMATION METHOD (OPTMAP):   0
 ETA HESSIAN EVALUATION METHOD (ETADER):    0
 INITIAL ETA FOR MAP ESTIMATION (MCETA):    0
 SIGDIGITS FOR MAP ESTIMATION (SIGLO):      100
 GRADIENT SIGDIGITS OF
       FIXED EFFECTS PARAMETERS (SIGL):     100
 NOPRIOR SETTING (NOPRIOR):                 OFF
 NOCOV SETTING (NOCOV):                     OFF
 DERCONT SETTING (DERCONT):                 OFF
 FINAL ETA RE-EVALUATION (FNLETA):          ON
 EXCLUDE NON-INFLUENTIAL (NON-INFL.) ETAS
       IN SHRINKAGE (ETASTYPE):             NO
 NON-INFL. ETA CORRECTION (NONINFETA):      OFF
 RAW OUTPUT FILE (FILE): psn.ext
 EXCLUDE TITLE (NOTITLE):                   NO
 EXCLUDE COLUMN LABELS (NOLABEL):           NO
 FORMAT FOR ADDITIONAL FILES (FORMAT):      S1PE12.5
 PARAMETER ORDER FOR OUTPUTS (ORDER):       TSOL
 WISHART PRIOR DF INTERPRETATION (WISHTYPE):0
 KNUTHSUMOFF:                               0
 INCLUDE LNTWOPI:                           NO
 INCLUDE CONSTANT TERM TO PRIOR (PRIORC):   NO
 INCLUDE CONSTANT TERM TO OMEGA (ETA) (OLNTWOPI):NO
 ADDITIONAL CONVERGENCE TEST (CTYPE=4)?:    NO
 EM OR BAYESIAN METHOD USED:                 NONE

 TOLERANCES FOR ESTIMATION/EVALUATION STEP:
 NRD (RELATIVE) VALUE OF TOLERANCE:   5
 ANRD (ABSOLUTE) VALUE OF TOLERANCE:  12
 TOLERANCES FOR COVARIANCE STEP:
 NRD (RELATIVE) VALUE OF TOLERANCE:   5
 ANRD (ABSOLUTE) VALUE OF TOLERANCE:  12
 TOLERANCES FOR TABLE/SCATTER STEP:
 NRD (RELATIVE) VALUE OF TOLERANCE:   5
 ANRD (ABSOLUTE) VALUE OF TOLERANCE:  12

 THE FOLLOWING LABELS ARE EQUIVALENT
 PRED=PREDI
 RES=RESI
 WRES=WRESI
 IWRS=IWRESI
 IPRD=IPREDI
 IRS=IRESI

 MONITORING OF SEARCH:


0ITERATION NO.:    0    OBJECTIVE VALUE:   8831.56049400739        NO. OF FUNC. EVALS.:  10
 CUMULATIVE NO. OF FUNC. EVALS.:       10
 NPARAMETR:  5.2880E-01  1.5699E+01  5.0680E+01  8.3198E-02  5.0000E-01 -1.1456E-01  2.4057E-01  2.6994E-02  1.0328E-01  1.0000E-01
             1.0000E-01
 PARAMETER:  1.0000E-01  1.0000E-01  1.0000E-01  1.0000E-01  1.0000E-01  1.0000E-01  1.0000E-01  1.0000E-01  1.0000E-01  1.0000E-01
             1.0000E-01
 GRADIENT:  -3.4943E+03  2.2293E+03 -6.3586E+03  4.3165E+02  7.4436E+03  4.4812E+02  4.4133E+02  1.6147E+03 -4.7905E+02 -1.2701E+03
            -2.0522E+02

0ITERATION NO.:    5    OBJECTIVE VALUE:  -491.087413034445        NO. OF FUNC. EVALS.:  57
 CUMULATIVE NO. OF FUNC. EVALS.:       67
 NPARAMETR:  5.2013E-01  8.7572E+01  2.0919E+02  7.2142E-02  2.2875E-01 -1.8609E-01  1.9549E-01 -5.9722E-03  1.4954E-01  1.4225E-01
             1.1868E-01
 PARAMETER:  8.3477E-02  1.8189E+00  1.5177E+00 -4.2583E-02 -6.8199E-01  1.8725E-03  5.3560E-02 -5.4198E-01  2.8507E-01  2.7622E-01
             1.8564E-01
 GRADIENT:   1.2956E+03  2.1609E+03 -8.5798E+02  5.0909E+01  5.2031E+02 -3.2993E+02  1.3664E+02 -4.0064E+02  6.2582E+02 -1.2712E+01
            -8.5231E+00

0ITERATION NO.:   10    OBJECTIVE VALUE:  -543.529551606333        NO. OF FUNC. EVALS.:  59
 CUMULATIVE NO. OF FUNC. EVALS.:      126
 NPARAMETR:  5.0379E-01  8.8378E+01  1.9543E+02  2.5623E-02  2.2848E-01 -1.0908E-01  2.5757E-02 -3.7631E-03  1.4538E-01  1.5892E-01
             1.2838E-01
 PARAMETER:  5.1540E-02  1.8280E+00  1.4496E+00 -1.0777E+00 -6.8317E-01  1.0724E-01 -1.3428E-01 -4.9968E-01  2.7095E-01  3.3162E-01
             2.2493E-01
 GRADIENT:   1.3235E+03  2.4447E+03 -1.3826E+03  3.3328E+01  3.1350E+02 -1.3403E+02  3.2513E+01 -3.2439E+02  6.5498E+02  3.8318E+01
             3.9057E+01

0ITERATION NO.:   15    OBJECTIVE VALUE:  -1532.36285888499        NO. OF FUNC. EVALS.:  57
 CUMULATIVE NO. OF FUNC. EVALS.:      183
 NPARAMETR:  2.5433E-01  5.8589E+01  1.5534E+02  1.1284E-02  2.5829E-01 -1.3302E-01  3.4879E-02  9.3070E-03  3.6887E-02  2.8245E-01
             4.3023E-01
 PARAMETER: -6.3198E-01  1.4170E+00  1.2201E+00 -1.8979E+00 -5.6051E-01  7.5332E-02 -1.2359E-01 -2.4942E-01 -4.1479E-01  6.1916E-01
             8.2958E-01
 GRADIENT:  -5.0682E+02 -1.1356E+03 -5.1240E+02  5.0549E+00  7.6013E+02  6.8275E+01 -1.8663E+02 -1.0604E+02  4.3208E+01  2.0025E+02
             6.1973E+01

0ITERATION NO.:   20    OBJECTIVE VALUE:  -1853.16506104985        NO. OF FUNC. EVALS.:  58
 CUMULATIVE NO. OF FUNC. EVALS.:      241
 NPARAMETR:  3.1516E-01  6.2720E+01  1.9319E+02  2.6424E-02  2.0453E-01 -1.1536E-01  8.3376E-02  9.1232E-03  2.9216E-02  9.7047E-02
             4.8378E-01
 PARAMETER: -4.1752E-01  1.4851E+00  1.4382E+00 -1.0470E+00 -7.9391E-01  9.8947E-02 -6.7980E-02 -2.5296E-01 -5.3136E-01  8.5014E-02
             8.8823E-01
 GRADIENT:   1.5144E+02  3.4325E+02  1.2845E+02 -1.6084E+01  4.3023E+02 -1.0420E+02 -2.0281E+01  6.6129E+01  7.5336E+00  5.0702E+01
             1.8866E+01

0ITERATION NO.:   25    OBJECTIVE VALUE:  -1990.13042048709        NO. OF FUNC. EVALS.:  57
 CUMULATIVE NO. OF FUNC. EVALS.:      298
 NPARAMETR:  3.2639E-01  5.9345E+01  2.6727E+02  1.7183E-01  1.2817E-01 -1.1112E-01  1.5210E-01  1.0167E-02  2.8328E-02  3.5808E-02
             5.6105E-01
 PARAMETER: -3.8252E-01  1.4298E+00  1.7627E+00  8.2527E-01 -1.2612E+00  1.0455E-01  7.5986E-03 -2.3284E-01 -5.4679E-01 -4.1349E-01
             9.6232E-01
 GRADIENT:   9.6479E+01  8.6249E+01 -2.6415E+02  4.1402E+01 -9.0335E+01 -2.9316E+01  3.1467E+01 -3.9792E+00 -1.3383E+01 -3.5074E+01
             8.2740E+01

0ITERATION NO.:   30    OBJECTIVE VALUE:  -2023.17669641483        NO. OF FUNC. EVALS.:  55
 CUMULATIVE NO. OF FUNC. EVALS.:      353
 NPARAMETR:  3.1755E-01  5.9128E+01  2.9539E+02  2.3217E-01  1.4273E-01 -9.3988E-02  1.2707E-01  1.0654E-02  3.0700E-02  9.9447E-02
             5.2528E-01
 PARAMETER: -4.0998E-01  1.4261E+00  1.8628E+00  1.1262E+00 -1.1537E+00  1.2700E-01 -1.9512E-02 -2.2344E-01 -5.0659E-01  9.7227E-02
             9.2938E-01
 GRADIENT:   1.0605E+01  7.2076E+01 -9.4390E+01  1.3911E+01 -7.7743E+01  7.1340E+00  3.8548E+00  1.0012E+01  9.7204E+00  2.6955E+01
             3.2490E+01

0ITERATION NO.:   35    OBJECTIVE VALUE:  -2044.79901714048        NO. OF FUNC. EVALS.:  56
 CUMULATIVE NO. OF FUNC. EVALS.:      409
 NPARAMETR:  3.0962E-01  5.7619E+01  3.2065E+02  3.4936E-01  2.0358E-01 -8.6688E-02  1.1933E-01  1.1305E-02  2.9463E-02  8.0173E-02
             5.9007E-01
 PARAMETER: -4.3528E-01  1.4003E+00  1.9448E+00  1.5349E+00 -7.9853E-01  1.3646E-01 -2.7988E-02 -2.1087E-01 -5.2716E-01 -1.0493E-02
             9.8754E-01
 GRADIENT:   1.4070E+01 -1.8575E+01 -6.5359E+01  4.3333E+00  2.7019E+01  2.6674E+01 -2.0783E+00  1.4227E+01  1.5081E+01 -8.2770E+00
             1.0248E+01

0ITERATION NO.:   40    OBJECTIVE VALUE:  -2047.96284469152        NO. OF FUNC. EVALS.:  88
 CUMULATIVE NO. OF FUNC. EVALS.:      497
 NPARAMETR:  3.1081E-01  5.7311E+01  3.4081E+02  3.9179E-01  2.0926E-01 -8.8747E-02  1.1486E-01  1.1116E-02  2.8345E-02  9.3969E-02
             5.9591E-01
 PARAMETER: -4.3144E-01  1.3949E+00  2.0058E+00  1.6495E+00 -7.7103E-01  1.3380E-01 -3.2911E-02 -2.1452E-01 -5.4650E-01  6.8897E-02
             9.9246E-01
 GRADIENT:  -1.8052E+00  2.0759E+01 -1.4352E+01  1.1211E+01 -5.0271E+00  5.6425E-01  1.5306E+00  1.8604E+00 -5.0289E+00 -1.2294E+00
             1.0447E+00

0ITERATION NO.:   44    OBJECTIVE VALUE:  -2048.05595382040        NO. OF FUNC. EVALS.:  94
 CUMULATIVE NO. OF FUNC. EVALS.:      591
 NPARAMETR:  3.1115E-01  5.7248E+01  3.4114E+02  3.8646E-01  2.0773E-01 -8.9137E-02  1.1515E-01  1.1101E-02  2.8667E-02  9.4525E-02
             5.9700E-01
 PARAMETER: -4.3032E-01  1.3938E+00  2.0068E+00  1.6358E+00 -7.7835E-01  1.3329E-01 -3.2589E-02 -2.1481E-01 -5.4085E-01  7.1848E-02
             9.9337E-01
 GRADIENT:   2.8907E-02  4.6276E-02  1.2260E-01 -2.8824E-02 -1.4659E-02 -2.8682E-02  2.3458E-02  3.6712E-02  4.9365E-02  5.5299E-03
            -1.3213E-01

 #TERM:
0MINIMIZATION SUCCESSFUL
 NO. OF FUNCTION EVALUATIONS USED:      591
 NO. OF SIG. DIGITS IN FINAL EST.:  3.1

 ETABAR IS THE ARITHMETIC MEAN OF THE ETA-ESTIMATES,
 AND THE P-VALUE IS GIVEN FOR THE NULL HYPOTHESIS THAT THE TRUE MEAN IS 0.

 ETABAR:         1.6939E-02 -2.9956E-02  6.5206E-02  0.0000E+00  0.0000E+00
 SE:             1.9333E-03  2.6120E-03  1.2976E-02  0.0000E+00  0.0000E+00
 N:                    1632        1632        1632        1632        1632

 P VAL.:         1.9485E-18  1.9519E-30  5.0428E-07  1.0000E+00  1.0000E+00

 ETASHRINKSD(%)  5.3858E+01  6.5668E+01  3.2133E+01  1.0000E+02  1.0000E+02
 ETASHRINKVR(%)  7.8709E+01  8.8213E+01  5.3940E+01  1.0000E+02  1.0000E+02
 EBVSHRINKSD(%)  4.6798E+01  5.6660E+01  2.1232E+01  0.0000E+00  0.0000E+00
 EBVSHRINKVR(%)  7.1695E+01  8.1216E+01  3.7956E+01  0.0000E+00  0.0000E+00
 EPSSHRINKSD(%)  2.0300E+01
 EPSSHRINKVR(%)  3.6478E+01

  
 TOTAL DATA POINTS NORMALLY DISTRIBUTED (N):         3359
 N*LOG(2PI) CONSTANT TO OBJECTIVE FUNCTION:    6173.4290660689912     
 OBJECTIVE FUNCTION VALUE WITHOUT CONSTANT:   -2048.0559538203984     
 OBJECTIVE FUNCTION VALUE WITH CONSTANT:       4125.3731122485933     
 REPORTED OBJECTIVE FUNCTION DOES NOT CONTAIN CONSTANT
  
 TOTAL EFFECTIVE ETAS (NIND*NETA):                          4899
  
 #TERE:
 Elapsed estimation  time in seconds:  1393.26
 Elapsed covariance  time in seconds:  1028.58
 Elapsed postprocess time in seconds:    19.64
1
 
 
 
 
 
 
 
 
 
 
 
 
 
 
 
 
 
 
 
 
 ************************************************************************************************************************
 ********************                                                                                ********************
 ********************               FIRST ORDER CONDITIONAL ESTIMATION WITH INTERACTION              ********************
 #OBJT:**************                       MINIMUM VALUE OF OBJECTIVE FUNCTION                      ********************
 ********************                                                                                ********************
 ************************************************************************************************************************
 





 #OBJV:********************************************    -2048.056       **************************************************
1
 ************************************************************************************************************************
 ********************                                                                                ********************
 ********************               FIRST ORDER CONDITIONAL ESTIMATION WITH INTERACTION              ********************
 ********************                             FINAL PARAMETER ESTIMATE                           ********************
 ********************                                                                                ********************
 ************************************************************************************************************************
 


 THETA - VECTOR OF FIXED EFFECTS PARAMETERS   *********


         TH 1      TH 2      TH 3      TH 4      TH 5      TH 6      TH 7      TH 8      TH 9     
 
         0.00E+00  3.11E-01  5.72E+01  3.41E+02  3.86E-01  2.08E-01 -8.91E-02  1.15E-01  1.11E-02
 


 OMEGA - COV MATRIX FOR RANDOM EFFECTS - ETAS  ********


         ETA1      ETA2      ETA3      ETA4      ETA5     
 
 ETA1
+        2.87E-02
 
 ETA2
+        0.00E+00  9.45E-02
 
 ETA3
+        0.00E+00  0.00E+00  5.97E-01
 
 ETA4
+        0.00E+00  0.00E+00  0.00E+00  0.00E+00
 
 ETA5
+        0.00E+00  0.00E+00  0.00E+00  0.00E+00  0.00E+00
 


 SIGMA - COV MATRIX FOR RANDOM EFFECTS - EPSILONS  ****


         EPS1     
 
 EPS1
+        1.00E+00
 
1


 OMEGA - CORR MATRIX FOR RANDOM EFFECTS - ETAS  *******


         ETA1      ETA2      ETA3      ETA4      ETA5     
 
 ETA1
+        1.69E-01
 
 ETA2
+        0.00E+00  3.07E-01
 
 ETA3
+        0.00E+00  0.00E+00  7.73E-01
 
 ETA4
+        0.00E+00  0.00E+00  0.00E+00  0.00E+00
 
 ETA5
+        0.00E+00  0.00E+00  0.00E+00  0.00E+00  0.00E+00
 


 SIGMA - CORR MATRIX FOR RANDOM EFFECTS - EPSILONS  ***


         EPS1     
 
 EPS1
+        1.00E+00
 
1
 ************************************************************************************************************************
 ********************                                                                                ********************
 ********************               FIRST ORDER CONDITIONAL ESTIMATION WITH INTERACTION              ********************
 ********************                            STANDARD ERROR OF ESTIMATE                          ********************
 ********************                                                                                ********************
 ************************************************************************************************************************
 


 THETA - VECTOR OF FIXED EFFECTS PARAMETERS   *********


         TH 1      TH 2      TH 3      TH 4      TH 5      TH 6      TH 7      TH 8      TH 9     
 
        .........  6.92E-03  7.64E-01  1.52E+01  3.64E-02  1.25E-02  2.03E-02  4.99E-02  1.44E-03
 


 OMEGA - COV MATRIX FOR RANDOM EFFECTS - ETAS  ********


         ETA1      ETA2      ETA3      ETA4      ETA5     
 
 ETA1
+        9.41E-03
 
 ETA2
+       .........  2.74E-02
 
 ETA3
+       ......... .........  4.17E-02
 
 ETA4
+       ......... ......... ......... .........
 
 ETA5
+       ......... ......... ......... ......... .........
 


 SIGMA - COV MATRIX FOR RANDOM EFFECTS - EPSILONS  ****


         EPS1     
 
 EPS1
+       .........
 
1


 OMEGA - CORR MATRIX FOR RANDOM EFFECTS - ETAS  *******


         ETA1      ETA2      ETA3      ETA4      ETA5     
 
 ETA1
+        2.78E-02
 
 ETA2
+       .........  4.46E-02
 
 ETA3
+       ......... .........  2.70E-02
 
 ETA4
+       ......... ......... ......... .........
 
 ETA5
+       ......... ......... ......... ......... .........
 


 SIGMA - CORR MATRIX FOR RANDOM EFFECTS - EPSILONS  ***


         EPS1     
 
 EPS1
+       .........
 
1
 ************************************************************************************************************************
 ********************                                                                                ********************
 ********************               FIRST ORDER CONDITIONAL ESTIMATION WITH INTERACTION              ********************
 ********************                          COVARIANCE MATRIX OF ESTIMATE                         ********************
 ********************                                                                                ********************
 ************************************************************************************************************************
 

            TH 1      TH 2      TH 3      TH 4      TH 5      TH 6      TH 7      TH 8      TH 9      OM11      OM12      OM13  
             OM14      OM15      OM22      OM23      OM24      OM25      OM33      OM34      OM35      OM44      OM45      OM55  
            SG11  
 
 TH 1
+       .........
 
 TH 2
+       .........  4.79E-05
 
 TH 3
+       ......... -4.42E-04  5.83E-01
 
 TH 4
+       .........  3.18E-02 -4.38E+00  2.30E+02
 
 TH 5
+       ......... -1.64E-05 -1.04E-02  4.18E-01  1.32E-03
 
 TH 6
+       ......... -2.74E-05 -3.95E-03  4.61E-02  3.15E-04  1.55E-04
 
 TH 7
+       ......... -1.12E-05  4.15E-03 -1.23E-02 -5.42E-05 -5.90E-06  4.13E-04
 
 TH 8
+       .........  2.80E-05 -9.93E-04 -2.58E-02 -2.48E-04 -1.13E-04  3.12E-05  2.49E-03
 
 TH 9
+       .........  5.60E-07 -1.52E-04  5.15E-03  1.45E-05  3.37E-06 -7.44E-06 -1.00E-05  2.07E-06
 
 OM11
+       .........  1.82E-05  4.15E-04  7.31E-02  8.65E-05 -2.35E-05 -2.56E-05  1.16E-04  3.56E-06  8.85E-05
 
 OM12
+       ......... ......... ......... ......... ......... ......... ......... ......... ......... ......... .........
 
 OM13
+       ......... ......... ......... ......... ......... ......... ......... ......... ......... ......... ......... .........
 
 OM14
+       ......... ......... ......... ......... ......... ......... ......... ......... ......... ......... ......... .........
         .........
 
 OM15
+       ......... ......... ......... ......... ......... ......... ......... ......... ......... ......... ......... .........
         ......... .........
 
 OM22
+       .........  6.00E-05  4.62E-05  2.41E-01  3.44E-04 -4.21E-05 -9.58E-05  2.57E-04  1.35E-05  2.35E-04 ......... .........
         ......... .........  7.53E-04
 
 OM23
+       ......... ......... ......... ......... ......... ......... ......... ......... ......... ......... ......... .........
         ......... ......... ......... .........
 
 OM24
+       ......... ......... ......... ......... ......... ......... ......... ......... ......... ......... ......... .........
         ......... ......... ......... ......... .........
 
 OM25
+       ......... ......... ......... ......... ......... ......... ......... ......... ......... ......... ......... .........
         ......... ......... ......... ......... ......... .........
 
 OM33
+       ......... -1.30E-05 -1.29E-02  1.75E-01  4.90E-04  1.98E-04  2.94E-05 -2.91E-04 -3.32E-06 -4.65E-05 ......... .........
         ......... ......... -1.90E-04 ......... ......... .........  1.74E-03
 
1

            TH 1      TH 2      TH 3      TH 4      TH 5      TH 6      TH 7      TH 8      TH 9      OM11      OM12      OM13  
             OM14      OM15      OM22      OM23      OM24      OM25      OM33      OM34      OM35      OM44      OM45      OM55  
            SG11  
 
 OM34
+       ......... ......... ......... ......... ......... ......... ......... ......... ......... ......... ......... .........
         ......... ......... ......... ......... ......... ......... ......... .........
 
 OM35
+       ......... ......... ......... ......... ......... ......... ......... ......... ......... ......... ......... .........
         ......... ......... ......... ......... ......... ......... ......... ......... .........
 
 OM44
+       ......... ......... ......... ......... ......... ......... ......... ......... ......... ......... ......... .........
         ......... ......... ......... ......... ......... ......... ......... ......... ......... .........
 
 OM45
+       ......... ......... ......... ......... ......... ......... ......... ......... ......... ......... ......... .........
         ......... ......... ......... ......... ......... ......... ......... ......... ......... ......... .........
 
 OM55
+       ......... ......... ......... ......... ......... ......... ......... ......... ......... ......... ......... .........
         ......... ......... ......... ......... ......... ......... ......... ......... ......... ......... ......... .........
 
 SG11
+       ......... ......... ......... ......... ......... ......... ......... ......... ......... ......... ......... .........
         ......... ......... ......... ......... ......... ......... ......... ......... ......... ......... ......... .........
        .........
 
1
 ************************************************************************************************************************
 ********************                                                                                ********************
 ********************               FIRST ORDER CONDITIONAL ESTIMATION WITH INTERACTION              ********************
 ********************                          CORRELATION MATRIX OF ESTIMATE                        ********************
 ********************                                                                                ********************
 ************************************************************************************************************************
 

            TH 1      TH 2      TH 3      TH 4      TH 5      TH 6      TH 7      TH 8      TH 9      OM11      OM12      OM13  
             OM14      OM15      OM22      OM23      OM24      OM25      OM33      OM34      OM35      OM44      OM45      OM55  
            SG11  
 
 TH 1
+       .........
 
 TH 2
+       .........  6.92E-03
 
 TH 3
+       ......... -8.37E-02  7.64E-01
 
 TH 4
+       .........  3.03E-01 -3.78E-01  1.52E+01
 
 TH 5
+       ......... -6.51E-02 -3.76E-01  7.57E-01  3.64E-02
 
 TH 6
+       ......... -3.17E-01 -4.15E-01  2.44E-01  6.95E-01  1.25E-02
 
 TH 7
+       ......... -7.97E-02  2.67E-01 -3.99E-02 -7.33E-02 -2.33E-02  2.03E-02
 
 TH 8
+       .........  8.12E-02 -2.61E-02 -3.41E-02 -1.37E-01 -1.82E-01  3.07E-02  4.99E-02
 
 TH 9
+       .........  5.62E-02 -1.38E-01  2.36E-01  2.78E-01  1.88E-01 -2.54E-01 -1.39E-01  1.44E-03
 
 OM11
+       .........  2.80E-01  5.78E-02  5.13E-01  2.53E-01 -2.00E-01 -1.34E-01  2.48E-01  2.63E-01  9.41E-03
 
 OM12
+       ......... ......... ......... ......... ......... ......... ......... ......... ......... ......... .........
 
 OM13
+       ......... ......... ......... ......... ......... ......... ......... ......... ......... ......... ......... .........
 
 OM14
+       ......... ......... ......... ......... ......... ......... ......... ......... ......... ......... ......... .........
         .........
 
 OM15
+       ......... ......... ......... ......... ......... ......... ......... ......... ......... ......... ......... .........
         ......... .........
 
 OM22
+       .........  3.16E-01  2.21E-03  5.79E-01  3.44E-01 -1.23E-01 -1.72E-01  1.87E-01  3.42E-01  9.10E-01 ......... .........
         ......... .........  2.74E-02
 
 OM23
+       ......... ......... ......... ......... ......... ......... ......... ......... ......... ......... ......... .........
         ......... ......... ......... .........
 
 OM24
+       ......... ......... ......... ......... ......... ......... ......... ......... ......... ......... ......... .........
         ......... ......... ......... ......... .........
 
 OM25
+       ......... ......... ......... ......... ......... ......... ......... ......... ......... ......... ......... .........
         ......... ......... ......... ......... ......... .........
 
 OM33
+       ......... -4.50E-02 -4.06E-01  2.78E-01  3.23E-01  3.81E-01  3.48E-02 -1.40E-01 -5.53E-02 -1.19E-01 ......... .........
         ......... ......... -1.66E-01 ......... ......... .........  4.17E-02
 
1

            TH 1      TH 2      TH 3      TH 4      TH 5      TH 6      TH 7      TH 8      TH 9      OM11      OM12      OM13  
             OM14      OM15      OM22      OM23      OM24      OM25      OM33      OM34      OM35      OM44      OM45      OM55  
            SG11  
 
 OM34
+       ......... ......... ......... ......... ......... ......... ......... ......... ......... ......... ......... .........
         ......... ......... ......... ......... ......... ......... ......... .........
 
 OM35
+       ......... ......... ......... ......... ......... ......... ......... ......... ......... ......... ......... .........
         ......... ......... ......... ......... ......... ......... ......... ......... .........
 
 OM44
+       ......... ......... ......... ......... ......... ......... ......... ......... ......... ......... ......... .........
         ......... ......... ......... ......... ......... ......... ......... ......... ......... .........
 
 OM45
+       ......... ......... ......... ......... ......... ......... ......... ......... ......... ......... ......... .........
         ......... ......... ......... ......... ......... ......... ......... ......... ......... ......... .........
 
 OM55
+       ......... ......... ......... ......... ......... ......... ......... ......... ......... ......... ......... .........
         ......... ......... ......... ......... ......... ......... ......... ......... ......... ......... ......... .........
 
 SG11
+       ......... ......... ......... ......... ......... ......... ......... ......... ......... ......... ......... .........
         ......... ......... ......... ......... ......... ......... ......... ......... ......... ......... ......... .........
        .........
 
1
 ************************************************************************************************************************
 ********************                                                                                ********************
 ********************               FIRST ORDER CONDITIONAL ESTIMATION WITH INTERACTION              ********************
 ********************                      INVERSE COVARIANCE MATRIX OF ESTIMATE                     ********************
 ********************                                                                                ********************
 ************************************************************************************************************************
 

            TH 1      TH 2      TH 3      TH 4      TH 5      TH 6      TH 7      TH 8      TH 9      OM11      OM12      OM13  
             OM14      OM15      OM22      OM23      OM24      OM25      OM33      OM34      OM35      OM44      OM45      OM55  
            SG11  
 
 TH 1
+       .........
 
 TH 2
+       .........  3.08E+04
 
 TH 3
+       .........  1.76E+01  3.21E+00
 
 TH 4
+       ......... -9.63E+00  1.08E-01  2.70E-02
 
 TH 5
+       .........  3.32E+03 -3.03E+01 -9.74E+00  6.00E+03
 
 TH 6
+       .........  2.18E+03  9.22E+01  1.30E+01 -9.61E+03  2.69E+04
 
 TH 7
+       .........  6.02E+02 -3.58E+01 -2.28E+00  6.55E+02 -1.31E+03  3.07E+03
 
 TH 8
+       ......... -3.09E+01  8.84E+00  3.82E-01  3.85E+01  4.06E+01 -1.26E+02  4.93E+02
 
 TH 9
+       ......... -2.18E+03  8.93E+01  4.21E+00 -3.44E+02 -1.63E+04  6.93E+03  3.42E+03  6.40E+05
 
 OM11
+       .........  5.02E+03 -6.46E+01 -3.23E+00  8.12E+02  4.93E+03  4.48E+02 -1.16E+03  1.77E+03  7.58E+04
 
 OM12
+       ......... ......... ......... ......... ......... ......... ......... ......... ......... ......... .........
 
 OM13
+       ......... ......... ......... ......... ......... ......... ......... ......... ......... ......... ......... .........
 
 OM14
+       ......... ......... ......... ......... ......... ......... ......... ......... ......... ......... ......... .........
         .........
 
 OM15
+       ......... ......... ......... ......... ......... ......... ......... ......... ......... ......... ......... .........
         ......... .........
 
 OM22
+       ......... -2.21E+03 -3.19E+00 -2.43E+00 -5.62E+02 -7.72E+01  4.64E+02 -1.88E+00 -1.36E+04 -2.31E+04 ......... .........
         ......... .........  1.02E+04
 
 OM23
+       ......... ......... ......... ......... ......... ......... ......... ......... ......... ......... ......... .........
         ......... ......... ......... .........
 
 OM24
+       ......... ......... ......... ......... ......... ......... ......... ......... ......... ......... ......... .........
         ......... ......... ......... ......... .........
 
 OM25
+       ......... ......... ......... ......... ......... ......... ......... ......... ......... ......... ......... .........
         ......... ......... ......... ......... ......... .........
 
 OM33
+       .........  2.30E+01  1.13E+01 -9.70E-01  1.42E+02 -8.48E+02 -6.48E+01  7.17E+01  2.42E+03 -1.59E+03 ......... .........
         ......... .........  8.38E+02 ......... ......... .........  8.82E+02
 
1

            TH 1      TH 2      TH 3      TH 4      TH 5      TH 6      TH 7      TH 8      TH 9      OM11      OM12      OM13  
             OM14      OM15      OM22      OM23      OM24      OM25      OM33      OM34      OM35      OM44      OM45      OM55  
            SG11  
 
 OM34
+       ......... ......... ......... ......... ......... ......... ......... ......... ......... ......... ......... .........
         ......... ......... ......... ......... ......... ......... ......... .........
 
 OM35
+       ......... ......... ......... ......... ......... ......... ......... ......... ......... ......... ......... .........
         ......... ......... ......... ......... ......... ......... ......... ......... .........
 
 OM44
+       ......... ......... ......... ......... ......... ......... ......... ......... ......... ......... ......... .........
         ......... ......... ......... ......... ......... ......... ......... ......... ......... .........
 
 OM45
+       ......... ......... ......... ......... ......... ......... ......... ......... ......... ......... ......... .........
         ......... ......... ......... ......... ......... ......... ......... ......... ......... ......... .........
 
 OM55
+       ......... ......... ......... ......... ......... ......... ......... ......... ......... ......... ......... .........
         ......... ......... ......... ......... ......... ......... ......... ......... ......... ......... ......... .........
 
 SG11
+       ......... ......... ......... ......... ......... ......... ......... ......... ......... ......... ......... .........
         ......... ......... ......... ......... ......... ......... ......... ......... ......... ......... ......... .........
        .........
 
1
 
 
 
 
 
 
 
 
 
 
 
 
 
 
 
 
 
 
 
 
 ************************************************************************************************************************
 ********************                                                                                ********************
 ********************               FIRST ORDER CONDITIONAL ESTIMATION WITH INTERACTION              ********************
 ********************                      EIGENVALUES OF COR MATRIX OF ESTIMATE                     ********************
 ********************                                                                                ********************
 ************************************************************************************************************************
 

             1         2         3         4         5         6         7         8         9        10        11
 
         6.58E-02  7.46E-02  2.77E-01  4.03E-01  5.75E-01  6.44E-01  9.72E-01  1.14E+00  1.21E+00  2.46E+00  3.18E+00
 
 Elapsed finaloutput time in seconds:     9.91
 #CPUT: Total CPU Time in Seconds,    18404.502
Stop Time:
Thu Dec 22 08:50:09 PST 2022
