Thu Apr 11 14:49:55 PDT 2024
;; Based on: 130
;; Description: two compartment, metab, prop error SAME for parent + M1, nonlinear CL, IIV CLINT CLm, diff F for 1800 mg dose, M3 method
;; Author: Anu
$PROBLEM    SUTEZOLID population PK
$INPUT      ID TIME DV AMT EVID MDV CMT SEX AGE TRTPN MFL RACEN
            ETHNICN WEIGHTSC BMISC BLOQ_new STRT
$DATA      SUTPK_COV_20211101_VPC.csv IGNORE=@ IGNORE(CMT.GT.4)
 ; new dataset for VPC stratification
 ; only looking at parent + M1

; NOTES about data:

; AMT in mg

; DV in mg/L

; TIME in h
$SUBROUTINE ADVAN6 TOL=6
$MODEL      NCOMP=4 COMP(DEPOT) ; dosing
            COMP(CENTRAL,DEFOBS) ; parent
            COMP(PERIPH) ; since 2 cmpt model
            COMP(METAB) ; major metabolite
$PK
; Nonlinear CL, L/h
CLINT = THETA(1)*EXP(ETA(1))
KM = THETA(10)*EXP(ETA(6))
VMAX = KM*CLINT ; at low concs, assume CL = CLint

; Central Volume, L
TVV = THETA(2)
V = TVV*EXP(ETA(2))
S2 = V

; Peripheral Volume, L
TVV2 = THETA(6)
V2 = TVV2

; Bioavailability
IF(TRTPN.LT.4) F1 = 1
IF(TRTPN.EQ.4) F1 = THETA(11)

; Absorption rate, 1/h
TVKA = THETA(3)
KA = TVKA*EXP(ETA(3))

; Fraction of drug metabolized
Fm = 1 ; assume this to be 1

; Intercompartment CL, L/h
TVQ = THETA(7)
Q = TVQ

; Metabolite CL, L/h
TVCLm = THETA(8)
CLm = TVCLm*EXP(ETA(4))

; Metabolite Volume, L/h
TVVm = THETA(9)
Vm = TVVm*EXP(ETA(5))

$DES
CP = A(2)/S2
DADT(1) = -KA*A(1)
DADT(2) = KA*A(1) - Fm*(VMAX*CP)/(KM+CP) + Q/V2*A(3) - Q/V*A(2)
DADT(3) = Q/V*A(2) - Q/V2*A(3)
DADT(4) = Fm*(VMAX*CP)/(KM+CP) - (CLm/Vm)*A(4)

$ERROR
IPRED = F
IF(F.GT.0.AND.CMT.EQ.2) IPRED = A(2)/V
IF(F.GT.0.AND.CMT.EQ.4) IPRED = A(4)/Vm

PROP = THETA(4) ; PROPORTIONAL
ADD = THETA(5) ; ADDITIVE

W = SQRT(PROP**2*IPRED**2+ADD**2) ; combined parent and metabolite error model

IRES = DV - IPRED
IWRES = IRES/W

; IF(CMT.EQ.2) Y = IPRED + W*EPS(1)
; IF(CMT.EQ.4) Y = IPRED + W*EPS(2) ; take metab from different sigma distribution

; M3 method
LLOQ = 0.01 ; parent + M1
DUM = (LLOQ-IPRED)/W
CUMD = PHI(DUM)
;-------Above limit of quantification - parent-------
  IF(DV.GT.LLOQ.AND.CMT.EQ.2) THEN
  F_FLAG = 0
  Y = IPRED + W*EPS(1)
  ENDIF
;-------Above limit of quantification - M1-------
  IF(DV.GT.LLOQ.AND.CMT.EQ.4) THEN
  F_FLAG = 0
  Y = IPRED + W*EPS(2)
  ENDIF
;-------Below limit of quantification-------
  IF(DV.LE.LLOQ) THEN
  F_FLAG = 1
  Y = CUMD
  ENDIF

$THETA  (0,200) ; CLINT
 (0,500) ; Vc (V2)
 (0,1) ; KA
 (0,0.1) ; PROP
 0 FIX ; ADD
 (0,500) ; Vp (V3)
 (0,100) ; Q
 (0,50) ; CLm
 (0,100) ; Vm
 (0,4) ; KM
 (0,0.8) ; F1 (1800 mg)
; KM is Cmax for the dose that begins to indicate saturation (1800 mg)
$OMEGA  0.2  ;  IIV CLINT
 0  FIX  ;     IIV Vc
 0  FIX  ;     IIV KA
 0.2  ;    IIV CLm
 0  FIX  ;     IIV Vm
 0  FIX  ;     IIV KM
$SIGMA  1  FIX  ; Residual variability
 1  FIX
$ESTIMATION METH=1 INTERACTION LAPLACIAN MAXEVAL=9999 NITER=100 NSIG=3
            NOABORT PRINT=10
$COVARIANCE UNCONDITIONAL PRINT=E
$TABLE      ID TIME DV AMT EVID MDV CMT SEX AGE TRTPN MFL RACEN
            ETHNICN WEIGHTSC BMISC BLOQ_new STRT CLINT V V2 Q KA CLm
            Vm KM ETA1 ETA4 IPRED PRED CWRES IWRES ONEHEADER NOPRINT
            FILE=tab135


NM-TRAN MESSAGES
  
 WARNINGS AND ERRORS (IF ANY) FOR PROBLEM    1
             
 (WARNING  2) NM-TRAN INFERS THAT THE DATA ARE POPULATION.
             
 (WARNING  3) THERE MAY BE AN ERROR IN THE ABBREVIATED CODE. THE FOLLOWING
 ONE OR MORE RANDOM VARIABLES ARE DEFINED WITH "IF" STATEMENTS THAT DO NOT
 PROVIDE DEFINITIONS FOR BOTH THE "THEN" AND "ELSE" CASES. IF ALL
 CONDITIONS FAIL, THE VALUES OF THESE VARIABLES WILL BE ZERO.
  
   Y

             
 (WARNING  87) WITH "LAPLACIAN" AND "INTERACTION", "NUMERICAL" AND "SLOW"
 ARE ALSO REQUIRED ON $ESTIM RECORD, AND "SLOW" IS REQUIRED ON $COV
 RECORD. NM-TRAN HAS SUPPLIED THESE OPTIONS.

License Registered to: UCSF Dept of Bioengineering Therapeutic Sciences
Expiration Date:    14 APR 2025
Current Date:       11 APR 2024
Days until program expires : 368
1NONLINEAR MIXED EFFECTS MODEL PROGRAM (NONMEM) VERSION 7.5.0
 ORIGINALLY DEVELOPED BY STUART BEAL, LEWIS SHEINER, AND ALISON BOECKMANN
 CURRENT DEVELOPERS ARE ROBERT BAUER, ICON DEVELOPMENT SOLUTIONS,
 AND ALISON BOECKMANN. IMPLEMENTATION, EFFICIENCY, AND STANDARDIZATION
 PERFORMED BY NOUS INFOSYSTEMS.

 PROBLEM NO.:         1
 SUTEZOLID population PK
0DATA CHECKOUT RUN:              NO
 DATA SET LOCATED ON UNIT NO.:    2
 THIS UNIT TO BE REWOUND:        NO
 NO. OF DATA RECS IN DATA SET:      888
 NO. OF DATA ITEMS IN DATA SET:  17
 ID DATA ITEM IS DATA ITEM NO.:   1
 DEP VARIABLE IS DATA ITEM NO.:   3
 MDV DATA ITEM IS DATA ITEM NO.:  6
0INDICES PASSED TO SUBROUTINE PRED:
   5   2   4   0   0   0   7   0   0   0   0
0LABELS FOR DATA ITEMS:
 ID TIME DV AMT EVID MDV CMT SEX AGE TRTPN MFL RACEN ETHNICN WEIGHTSC BMISC BLOQ_new STRT
0(NONBLANK) LABELS FOR PRED-DEFINED ITEMS:
 CLINT KM V V2 KA Q CLm Vm IPRED IWRES
0FORMAT FOR DATA:
 (E5.0,E12.0,E7.0,E5.0,4E2.0,E3.0,4E2.0,2E5.0,E2.0,E7.0)

 TOT. NO. OF OBS RECS:      864
 TOT. NO. OF INDIVIDUALS:       24
0LENGTH OF THETA:  11
0DEFAULT THETA BOUNDARY TEST OMITTED:    NO
0OMEGA HAS BLOCK FORM:
  1
  0  2
  0  0  3
  0  0  0  4
  0  0  0  0  5
  0  0  0  0  0  6
0DEFAULT OMEGA BOUNDARY TEST OMITTED:    NO
0SIGMA HAS SIMPLE DIAGONAL FORM WITH DIMENSION:   2
0DEFAULT SIGMA BOUNDARY TEST OMITTED:    NO
0INITIAL ESTIMATE OF THETA:
 LOWER BOUND    INITIAL EST    UPPER BOUND
  0.0000E+00     0.2000E+03     0.1000E+07
  0.0000E+00     0.5000E+03     0.1000E+07
  0.0000E+00     0.1000E+01     0.1000E+07
  0.0000E+00     0.1000E+00     0.1000E+07
  0.0000E+00     0.0000E+00     0.0000E+00
  0.0000E+00     0.5000E+03     0.1000E+07
  0.0000E+00     0.1000E+03     0.1000E+07
  0.0000E+00     0.5000E+02     0.1000E+07
  0.0000E+00     0.1000E+03     0.1000E+07
  0.0000E+00     0.4000E+01     0.1000E+07
  0.0000E+00     0.8000E+00     0.1000E+07
0INITIAL ESTIMATE OF OMEGA:
 BLOCK SET NO.   BLOCK                                                                    FIXED
        1                                                                                   NO
                  0.2000E+00
        2                                                                                  YES
                  0.0000E+00
        3                                                                                  YES
                  0.0000E+00
        4                                                                                   NO
                  0.2000E+00
        5                                                                                  YES
                  0.0000E+00
        6                                                                                  YES
                  0.0000E+00
0INITIAL ESTIMATE OF SIGMA:
 0.1000E+01
 0.0000E+00   0.1000E+01
0SIGMA CONSTRAINED TO BE THIS INITIAL ESTIMATE
0COVARIANCE STEP OMITTED:        NO
 EIGENVLS. PRINTED:             YES
 SPECIAL COMPUTATION:            NO
 COMPRESSED FORMAT:              NO
 GRADIENT METHOD USED:       SLOW
 SIGDIGITS ETAHAT (SIGLO):                  -1
 SIGDIGITS GRADIENTS (SIGL):                -1
 EXCLUDE COV FOR FOCE (NOFCOV):              NO
 Cholesky Transposition of R Matrix (CHOLROFF):0
 KNUTHSUMOFF:                                -1
 RESUME COV ANALYSIS (RESUME):               NO
 SIR SAMPLE SIZE (SIRSAMPLE):
 NON-LINEARLY TRANSFORM THETAS DURING COV (THBND): 1
 PRECONDTIONING CYCLES (PRECOND):        0
 PRECONDTIONING TYPES (PRECONDS):        TOS
 FORCED PRECONDTIONING CYCLES (PFCOND):0
 PRECONDTIONING TYPE (PRETYPE):        0
 FORCED POS. DEFINITE SETTING DURING PRECONDITIONING: (FPOSDEF):0
 SIMPLE POS. DEFINITE SETTING: (POSDEF):-1
0TABLES STEP OMITTED:    NO
 NO. OF TABLES:           1
 SEED NUMBER (SEED):    11456
 RANMETHOD:             3U
 MC SAMPLES (ESAMPLE):    300
 WRES SQUARE ROOT TYPE (WRESCHOL): EIGENVALUE
0-- TABLE   1 --
0RECORDS ONLY:    ALL
04 COLUMNS APPENDED:    YES
 PRINTED:                NO
 HEADER:                YES
 FILE TO BE FORWARDED:   NO
 FORMAT:                S1PE11.4
 IDFORMAT:
 LFORMAT:
 RFORMAT:
 FIXED_EFFECT_ETAS:
0USER-CHOSEN ITEMS:
 ID TIME DV AMT EVID MDV CMT SEX AGE TRTPN MFL RACEN ETHNICN WEIGHTSC BMISC BLOQ_new STRT CLINT V V2 Q KA CLm Vm KM ETA1
 ETA4 IPRED CWRES IWRES
1DOUBLE PRECISION PREDPP VERSION 7.5.0

 GENERAL NONLINEAR KINETICS MODEL (DVERK1, ADVAN6)
0MODEL SUBROUTINE USER-SUPPLIED - ID NO. 9999
0MAXIMUM NO. OF BASIC PK PARAMETERS:  10
0COMPARTMENT ATTRIBUTES
 COMPT. NO.   FUNCTION   INITIAL    ON/OFF      DOSE      DEFAULT    DEFAULT
                         STATUS     ALLOWED    ALLOWED    FOR DOSE   FOR OBS.
    1         DEPOT        ON         YES        YES        YES        NO
    2         CENTRAL      ON         YES        YES        NO         YES
    3         PERIPH       ON         YES        YES        NO         NO
    4         METAB        ON         YES        YES        NO         NO
    5         OUTPUT       OFF        YES        NO         NO         NO
 INITIAL (BASE) TOLERANCE SETTINGS:
 NRD (RELATIVE) VALUE OF TOLERANCE:   6
 ANRD (ABSOLUTE) VALUE OF TOLERANCE:  12
1
 ADDITIONAL PK PARAMETERS - ASSIGNMENT OF ROWS IN GG
 COMPT. NO.                             INDICES
              SCALE      BIOAVAIL.   ZERO-ORDER  ZERO-ORDER  ABSORB
                         FRACTION    RATE        DURATION    LAG
    1            *          12           *           *           *
    2           11           *           *           *           *
    3            *           *           *           *           *
    4            *           *           *           *           *
    5            *           -           -           -           -
             - PARAMETER IS NOT ALLOWED FOR THIS MODEL
             * PARAMETER IS NOT SUPPLIED BY PK SUBROUTINE;
               WILL DEFAULT TO ONE IF APPLICABLE
0DATA ITEM INDICES USED BY PRED ARE:
   EVENT ID DATA ITEM IS DATA ITEM NO.:      5
   TIME DATA ITEM IS DATA ITEM NO.:          2
   DOSE AMOUNT DATA ITEM IS DATA ITEM NO.:   4
   COMPT. NO. DATA ITEM IS DATA ITEM NO.:    7

0PK SUBROUTINE CALLED WITH EVERY EVENT RECORD.
 PK SUBROUTINE NOT CALLED AT NONEVENT (ADDITIONAL OR LAGGED) DOSE TIMES.
0ERROR SUBROUTINE CALLED WITH EVERY EVENT RECORD.
0ERROR SUBROUTINE INDICATES THAT DERIVATIVES OF COMPARTMENT AMOUNTS ARE USED.
0DES SUBROUTINE USES COMPACT STORAGE MODE.
1


 #TBLN:      1
 #METH: Laplacian Conditional Estimation with Interaction

 ESTIMATION STEP OMITTED:                 NO
 ANALYSIS TYPE:                           POPULATION
 NUMBER OF SADDLE POINT RESET ITERATIONS:      0
 GRADIENT METHOD USED:               SLOW
 CONDITIONAL ESTIMATES USED:              YES
 CENTERED ETA:                            NO
 EPS-ETA INTERACTION:                     YES
 LAPLACIAN OBJ. FUNC.:                    YES
 NUMERICAL 2ND DERIVATIVES:               YES
 NO. OF FUNCT. EVALS. ALLOWED:            9999
 NO. OF SIG. FIGURES REQUIRED:            3
 INTERMEDIATE PRINTOUT:                   YES
 ESTIMATE OUTPUT TO MSF:                  NO
 ABORT WITH PRED EXIT CODE 1:             NO
 IND. OBJ. FUNC. VALUES SORTED:           NO
 NUMERICAL DERIVATIVE
       FILE REQUEST (NUMDER):               NONE
 MAP (ETAHAT) ESTIMATION METHOD (OPTMAP):   0
 ETA HESSIAN EVALUATION METHOD (ETADER):    0
 INITIAL ETA FOR MAP ESTIMATION (MCETA):    0
 SIGDIGITS FOR MAP ESTIMATION (SIGLO):      100
 GRADIENT SIGDIGITS OF
       FIXED EFFECTS PARAMETERS (SIGL):     100
 NOPRIOR SETTING (NOPRIOR):                 0
 NOCOV SETTING (NOCOV):                     OFF
 DERCONT SETTING (DERCONT):                 OFF
 FINAL ETA RE-EVALUATION (FNLETA):          1
 EXCLUDE NON-INFLUENTIAL (NON-INFL.) ETAS
       IN SHRINKAGE (ETASTYPE):             NO
 NON-INFL. ETA CORRECTION (NONINFETA):      0
 RAW OUTPUT FILE (FILE): psn.ext
 EXCLUDE TITLE (NOTITLE):                   NO
 EXCLUDE COLUMN LABELS (NOLABEL):           NO
 FORMAT FOR ADDITIONAL FILES (FORMAT):      S1PE12.5
 PARAMETER ORDER FOR OUTPUTS (ORDER):       TSOL
 KNUTHSUMOFF:                               0
 INCLUDE LNTWOPI:                           NO
 INCLUDE CONSTANT TERM TO PRIOR (PRIORC):   NO
 INCLUDE CONSTANT TERM TO OMEGA (ETA) (OLNTWOPI):NO
 ADDITIONAL CONVERGENCE TEST (CTYPE=4)?:    NO
 EM OR BAYESIAN METHOD USED:                 NONE

 TOLERANCES FOR ESTIMATION/EVALUATION STEP:
 NRD (RELATIVE) VALUE OF TOLERANCE:   6
 ANRD (ABSOLUTE) VALUE OF TOLERANCE:  12
 TOLERANCES FOR COVARIANCE STEP:
 NRD (RELATIVE) VALUE OF TOLERANCE:   6
 ANRD (ABSOLUTE) VALUE OF TOLERANCE:  12
 TOLERANCES FOR TABLE/SCATTER STEP:
 NRD (RELATIVE) VALUE OF TOLERANCE:   6
 ANRD (ABSOLUTE) VALUE OF TOLERANCE:  12

 THE FOLLOWING LABELS ARE EQUIVALENT
 PRED=PREDI
 RES=RESI
 WRES=WRESI
 IWRS=IWRESI
 IPRD=IPREDI
 IRS=IRESI

 MONITORING OF SEARCH:


0ITERATION NO.:    0    OBJECTIVE VALUE:   162017.835766579        NO. OF FUNC. EVALS.:  13
 CUMULATIVE NO. OF FUNC. EVALS.:       13
 NPARAMETR:  2.0000E+02  5.0000E+02  1.0000E+00  1.0000E-01  5.0000E+02  1.0000E+02  5.0000E+01  1.0000E+02  4.0000E+00  8.0000E-01
             2.0000E-01  2.0000E-01
 PARAMETER:  1.0000E-01  1.0000E-01  1.0000E-01  1.0000E-01  1.0000E-01  1.0000E-01  1.0000E-01  1.0000E-01  1.0000E-01  1.0000E-01
             1.0000E-01  1.0000E-01
 GRADIENT:  -1.1807E+01  1.6320E+05 -1.8461E+05 -3.3086E+05 -8.8726E+04  2.4076E+04  2.9598E+02  2.7712E+05 -1.5325E+04 -9.4007E+04
             9.0723E+00 -6.0788E+02

0ITERATION NO.:   10    OBJECTIVE VALUE:  -1553.51486817745        NO. OF FUNC. EVALS.: 146
 CUMULATIVE NO. OF FUNC. EVALS.:      159
 NPARAMETR:  1.4405E+02  8.5456E+02  1.9255E+00  4.3287E-01  3.8124E+02  1.2836E+02  1.9827E+01  2.5720E+00  2.5170E+00  5.9074E-01
             1.4135E-01  1.0807E-01
 PARAMETER: -2.2816E-01  6.3598E-01  7.5521E-01  1.5653E+00 -1.7118E-01  3.4965E-01 -8.2498E-01 -3.5605E+00 -3.6322E-01 -2.0323E-01
            -7.3552E-02 -2.0778E-01
 GRADIENT:  -3.7818E+01  4.5901E+02  1.4241E+01 -1.8357E+02 -2.4395E+01  1.6208E+02 -1.3767E+02 -3.7252E+00 -2.1394E+00 -2.0362E+02
            -6.4386E+00 -4.7431E+01

0ITERATION NO.:   20    OBJECTIVE VALUE:  -1720.23948206807        NO. OF FUNC. EVALS.: 143
 CUMULATIVE NO. OF FUNC. EVALS.:      302
 NPARAMETR:  1.5660E+02  5.2819E+02  9.5169E-01  4.0676E-01  5.4853E+02  9.5436E+01  2.7968E+01  2.1961E+00  1.9138E+00  6.0068E-01
             1.9638E-01  1.7016E-01
 PARAMETER: -1.4463E-01  1.5485E-01  5.0485E-02  1.5030E+00  1.9263E-01  5.3283E-02 -4.8097E-01 -3.7185E+00 -6.3723E-01 -1.8656E-01
             9.0876E-02  1.9204E-02
 GRADIENT:  -1.0337E+01  4.2609E+01 -1.3290E+01 -1.5411E+01  4.8923E+01 -1.7405E+01 -1.3523E-01  2.4820E-02  8.1534E+00  2.5973E+00
             1.0737E+01  1.4056E+01

0ITERATION NO.:   30    OBJECTIVE VALUE:  -1724.80646155334        NO. OF FUNC. EVALS.: 140
 CUMULATIVE NO. OF FUNC. EVALS.:      442
 NPARAMETR:  1.6659E+02  4.9196E+02  9.1060E-01  4.0626E-01  5.5869E+02  9.9998E+01  2.7878E+01  2.1823E+00  1.5658E+00  5.9452E-01
             1.4519E-01  1.1850E-01
 PARAMETER: -8.2811E-02  8.3794E-02  6.3535E-03  1.5018E+00  2.1099E-01  9.9975E-02 -4.8419E-01 -3.7248E+00 -8.3792E-01 -1.9686E-01
            -6.0141E-02 -1.6171E-01
 GRADIENT:  -1.5530E-02  3.6271E-01 -2.2214E-01 -4.2514E-01 -1.3036E-01 -2.9035E-02  1.2259E-02  3.3948E-01 -5.3048E-02  4.0455E-02
            -2.2506E-02  1.8583E-03

0ITERATION NO.:   40    OBJECTIVE VALUE:  -1724.81258845818        NO. OF FUNC. EVALS.: 146
 CUMULATIVE NO. OF FUNC. EVALS.:      588
 NPARAMETR:  1.6671E+02  4.9057E+02  9.0696E-01  4.0631E-01  5.5950E+02  1.0019E+02  2.7894E+01  2.1093E+00  1.5607E+00  5.9438E-01
             1.4544E-01  1.1864E-01
 PARAMETER: -8.2089E-02  8.0967E-02  2.3451E-03  1.5019E+00  2.1244E-01  1.0189E-01 -4.8361E-01 -3.7588E+00 -8.4118E-01 -1.9709E-01
            -5.9290E-02 -1.6109E-01
 GRADIENT:   8.4161E-02 -4.8274E-01  3.0397E-02  6.7545E-02 -5.1224E-01  3.0610E-01  2.2626E-01  1.0152E-01 -8.4208E-02  3.8890E-01
             5.4428E-02  4.8356E-02

0ITERATION NO.:   47    OBJECTIVE VALUE:  -1724.81456237671        NO. OF FUNC. EVALS.: 134
 CUMULATIVE NO. OF FUNC. EVALS.:      722
 NPARAMETR:  1.6670E+02  4.9178E+02  9.0866E-01  4.0667E-01  5.5917E+02  1.0007E+02  2.7893E+01  2.0840E+00  1.5619E+00  5.9449E-01
             1.4523E-01  1.1847E-01
 PARAMETER: -8.2134E-02  8.3425E-02  4.2128E-03  1.5028E+00  2.1185E-01  1.0067E-01 -4.8364E-01 -3.7709E+00 -8.4037E-01 -1.9691E-01
            -5.9997E-02 -1.6182E-01
 GRADIENT:   7.2112E-03  1.1762E-04  4.1424E-03  4.9227E-02 -1.4275E-02 -2.2188E-02  7.0741E-03  2.7992E-04 -1.2535E-03 -3.4042E-04
            -1.2085E-02  1.0173E-02

 #TERM:
0MINIMIZATION SUCCESSFUL
 NO. OF FUNCTION EVALUATIONS USED:      722
 NO. OF SIG. DIGITS IN FINAL EST.:  3.1

 ETABAR IS THE ARITHMETIC MEAN OF THE ETA-ESTIMATES,
 AND THE P-VALUE IS GIVEN FOR THE NULL HYPOTHESIS THAT THE TRUE MEAN IS 0.

 ETABAR:         5.5205E-03  0.0000E+00  0.0000E+00  1.0409E-02  0.0000E+00  0.0000E+00
 SE:             7.6989E-02  0.0000E+00  0.0000E+00  6.8092E-02  0.0000E+00  0.0000E+00
 N:                      24          24          24          24          24          24

 P VAL.:         9.4284E-01  1.0000E+00  1.0000E+00  8.7850E-01  1.0000E+00  1.0000E+00

 ETASHRINKSD(%)  1.0000E-10  0.0000E+00  0.0000E+00  9.9975E-01  0.0000E+00  0.0000E+00
 ETASHRINKVR(%)  1.0000E-10  0.0000E+00  0.0000E+00  1.9895E+00  0.0000E+00  0.0000E+00
 EBVSHRINKSD(%)  8.7457E-01  0.0000E+00  0.0000E+00  3.1618E+00  0.0000E+00  0.0000E+00
 EBVSHRINKVR(%)  1.7415E+00  0.0000E+00  0.0000E+00  6.2237E+00  0.0000E+00  0.0000E+00
 RELATIVEINF(%)  9.8253E+01  0.0000E+00  0.0000E+00  9.3771E+01  0.0000E+00  0.0000E+00
 EPSSHRINKSD(%)  1.0000E-10  1.3039E+01
 EPSSHRINKVR(%)  1.0000E-10  2.4377E+01

  
 TOTAL DATA POINTS NORMALLY DISTRIBUTED (N):          761
 N*LOG(2PI) CONSTANT TO OBJECTIVE FUNCTION:    1398.6244475375117     
 OBJECTIVE FUNCTION VALUE WITHOUT CONSTANT:   -1724.8145623767105     
 OBJECTIVE FUNCTION VALUE WITH CONSTANT:      -326.19011483919871     
 REPORTED OBJECTIVE FUNCTION DOES NOT CONTAIN CONSTANT
  
 TOTAL EFFECTIVE ETAS (NIND*NETA):                            48
  
 #TERE:
 Elapsed estimation  time in seconds:   290.47
 Elapsed covariance  time in seconds:   142.10
 Elapsed postprocess time in seconds:     0.51
1
 
 
 
 
 
 
 
 
 
 
 
 
 
 
 
 
 
 
 
 
 ************************************************************************************************************************
 ********************                                                                                ********************
 ********************                LAPLACIAN CONDITIONAL ESTIMATION WITH INTERACTION               ********************
 #OBJT:**************                       MINIMUM VALUE OF OBJECTIVE FUNCTION                      ********************
 ********************                                                                                ********************
 ************************************************************************************************************************
 





 #OBJV:********************************************    -1724.815       **************************************************
1
 ************************************************************************************************************************
 ********************                                                                                ********************
 ********************                LAPLACIAN CONDITIONAL ESTIMATION WITH INTERACTION               ********************
 ********************                             FINAL PARAMETER ESTIMATE                           ********************
 ********************                                                                                ********************
 ************************************************************************************************************************
 


 THETA - VECTOR OF FIXED EFFECTS PARAMETERS   *********


         TH 1      TH 2      TH 3      TH 4      TH 5      TH 6      TH 7      TH 8      TH 9      TH10      TH11     
 
         1.67E+02  4.92E+02  9.09E-01  4.07E-01  0.00E+00  5.59E+02  1.00E+02  2.79E+01  2.08E+00  1.56E+00  5.94E-01
 


 OMEGA - COV MATRIX FOR RANDOM EFFECTS - ETAS  ********


         ETA1      ETA2      ETA3      ETA4      ETA5      ETA6     
 
 ETA1
+        1.45E-01
 
 ETA2
+        0.00E+00  0.00E+00
 
 ETA3
+        0.00E+00  0.00E+00  0.00E+00
 
 ETA4
+        0.00E+00  0.00E+00  0.00E+00  1.18E-01
 
 ETA5
+        0.00E+00  0.00E+00  0.00E+00  0.00E+00  0.00E+00
 
 ETA6
+        0.00E+00  0.00E+00  0.00E+00  0.00E+00  0.00E+00  0.00E+00
 


 SIGMA - COV MATRIX FOR RANDOM EFFECTS - EPSILONS  ****


         EPS1      EPS2     
 
 EPS1
+        1.00E+00
 
 EPS2
+        0.00E+00  1.00E+00
 
1


 OMEGA - CORR MATRIX FOR RANDOM EFFECTS - ETAS  *******


         ETA1      ETA2      ETA3      ETA4      ETA5      ETA6     
 
 ETA1
+        3.81E-01
 
 ETA2
+        0.00E+00  0.00E+00
 
 ETA3
+        0.00E+00  0.00E+00  0.00E+00
 
 ETA4
+        0.00E+00  0.00E+00  0.00E+00  3.44E-01
 
 ETA5
+        0.00E+00  0.00E+00  0.00E+00  0.00E+00  0.00E+00
 
 ETA6
+        0.00E+00  0.00E+00  0.00E+00  0.00E+00  0.00E+00  0.00E+00
 


 SIGMA - CORR MATRIX FOR RANDOM EFFECTS - EPSILONS  ***


         EPS1      EPS2     
 
 EPS1
+        1.00E+00
 
 EPS2
+        0.00E+00  1.00E+00
 
1
 ************************************************************************************************************************
 ********************                                                                                ********************
 ********************                LAPLACIAN CONDITIONAL ESTIMATION WITH INTERACTION               ********************
 ********************                            STANDARD ERROR OF ESTIMATE                          ********************
 ********************                                                                                ********************
 ************************************************************************************************************************
 


 THETA - VECTOR OF FIXED EFFECTS PARAMETERS   *********


         TH 1      TH 2      TH 3      TH 4      TH 5      TH 6      TH 7      TH 8      TH 9      TH10      TH11     
 
         2.59E+01  1.26E+02  3.14E-01  2.48E-02 .........  1.02E+02  2.29E+01  2.40E+00  1.68E+00  6.55E-01  9.86E-02
 


 OMEGA - COV MATRIX FOR RANDOM EFFECTS - ETAS  ********


         ETA1      ETA2      ETA3      ETA4      ETA5      ETA6     
 
 ETA1
+        5.82E-02
 
 ETA2
+       ......... .........
 
 ETA3
+       ......... ......... .........
 
 ETA4
+       ......... ......... .........  9.08E-02
 
 ETA5
+       ......... ......... ......... ......... .........
 
 ETA6
+       ......... ......... ......... ......... ......... .........
 


 SIGMA - COV MATRIX FOR RANDOM EFFECTS - EPSILONS  ****


         EPS1      EPS2     
 
 EPS1
+       .........
 
 EPS2
+       ......... .........
 
1


 OMEGA - CORR MATRIX FOR RANDOM EFFECTS - ETAS  *******


         ETA1      ETA2      ETA3      ETA4      ETA5      ETA6     
 
 ETA1
+        7.63E-02
 
 ETA2
+       ......... .........
 
 ETA3
+       ......... ......... .........
 
 ETA4
+       ......... ......... .........  1.32E-01
 
 ETA5
+       ......... ......... ......... ......... .........
 
 ETA6
+       ......... ......... ......... ......... ......... .........
 


 SIGMA - CORR MATRIX FOR RANDOM EFFECTS - EPSILONS  ***


         EPS1      EPS2     
 
 EPS1
+       .........
 
 EPS2
+       ......... .........
 
1
 ************************************************************************************************************************
 ********************                                                                                ********************
 ********************                LAPLACIAN CONDITIONAL ESTIMATION WITH INTERACTION               ********************
 ********************                          COVARIANCE MATRIX OF ESTIMATE                         ********************
 ********************                                                                                ********************
 ************************************************************************************************************************
 

            TH 1      TH 2      TH 3      TH 4      TH 5      TH 6      TH 7      TH 8      TH 9      TH10      TH11      OM11  
             OM12      OM13      OM14      OM15      OM16      OM22      OM23      OM24      OM25      OM26      OM33      OM34  
            OM35      OM36      OM44      OM45      OM46      OM55      OM56      OM66      SG11      SG12      SG22  
 
 TH 1
+        6.72E+02
 
 TH 2
+       -1.42E+03  1.59E+04
 
 TH 3
+       -3.74E+00  3.71E+01  9.88E-02
 
 TH 4
+        1.34E-02  7.25E-01  1.35E-03  6.17E-04
 
 TH 5
+       ......... ......... ......... ......... .........
 
 TH 6
+        1.79E+03 -3.72E+03 -1.08E+01  1.84E-01 .........  1.04E+04
 
 TH 7
+        3.59E+02  4.51E+02  1.34E+00  4.04E-02 .........  1.75E+03  5.23E+02
 
 TH 8
+        3.86E+01  2.64E+01  6.31E-02  9.64E-03 .........  8.99E+01  2.81E+01  5.78E+00
 
 TH 9
+       -1.93E+01  8.02E+01  2.20E-01 -1.31E-03 ......... -3.59E+00  6.78E+00 -3.33E-01  2.83E+00
 
 TH10
+       -1.27E+01  3.75E+01  1.00E-01 -3.45E-03 ......... -1.98E+01 -1.84E+00 -3.32E-01  8.51E-01  4.29E-01
 
 TH11
+        9.32E-01  1.71E+00  3.12E-03 -2.52E-04 .........  5.73E+00  1.61E+00  1.24E-01  8.07E-02  1.49E-02  9.72E-03
 
 OM11
+       -1.25E+00  5.70E+00  1.53E-02  9.45E-06 ......... -3.10E+00 -2.13E-01 -4.43E-02  6.02E-02  3.00E-02 -2.89E-04  3.38E-03
 
 OM12
+       ......... ......... ......... ......... ......... ......... ......... ......... ......... ......... ......... .........
         .........
 
 OM13
+       ......... ......... ......... ......... ......... ......... ......... ......... ......... ......... ......... .........
         ......... .........
 
 OM14
+       ......... ......... ......... ......... ......... ......... ......... ......... ......... ......... ......... .........
         ......... ......... .........
 
 OM15
+       ......... ......... ......... ......... ......... ......... ......... ......... ......... ......... ......... .........
         ......... ......... ......... .........
 
 OM16
+       ......... ......... ......... ......... ......... ......... ......... ......... ......... ......... ......... .........
         ......... ......... ......... ......... .........
 
 OM22
+       ......... ......... ......... ......... ......... ......... ......... ......... ......... ......... ......... .........
         ......... ......... ......... ......... ......... .........
 
 OM23
+       ......... ......... ......... ......... ......... ......... ......... ......... ......... ......... ......... .........
         ......... ......... ......... ......... ......... ......... .........
 
1

            TH 1      TH 2      TH 3      TH 4      TH 5      TH 6      TH 7      TH 8      TH 9      TH10      TH11      OM11  
             OM12      OM13      OM14      OM15      OM16      OM22      OM23      OM24      OM25      OM26      OM33      OM34  
            OM35      OM36      OM44      OM45      OM46      OM55      OM56      OM66      SG11      SG12      SG22  
 
 OM24
+       ......... ......... ......... ......... ......... ......... ......... ......... ......... ......... ......... .........
         ......... ......... ......... ......... ......... ......... ......... .........
 
 OM25
+       ......... ......... ......... ......... ......... ......... ......... ......... ......... ......... ......... .........
         ......... ......... ......... ......... ......... ......... ......... ......... .........
 
 OM26
+       ......... ......... ......... ......... ......... ......... ......... ......... ......... ......... ......... .........
         ......... ......... ......... ......... ......... ......... ......... ......... ......... .........
 
 OM33
+       ......... ......... ......... ......... ......... ......... ......... ......... ......... ......... ......... .........
         ......... ......... ......... ......... ......... ......... ......... ......... ......... ......... .........
 
 OM34
+       ......... ......... ......... ......... ......... ......... ......... ......... ......... ......... ......... .........
         ......... ......... ......... ......... ......... ......... ......... ......... ......... ......... ......... .........
 
 OM35
+       ......... ......... ......... ......... ......... ......... ......... ......... ......... ......... ......... .........
         ......... ......... ......... ......... ......... ......... ......... ......... ......... ......... ......... .........
        .........
 
 OM36
+       ......... ......... ......... ......... ......... ......... ......... ......... ......... ......... ......... .........
         ......... ......... ......... ......... ......... ......... ......... ......... ......... ......... ......... .........
        ......... .........
 
 OM44
+       -1.87E+00  2.16E+00  5.21E-03  1.78E-04 ......... -7.41E+00 -1.84E+00 -1.27E-01 -4.27E-03  1.61E-02 -6.76E-03  2.62E-03
         ......... ......... ......... ......... ......... ......... ......... ......... ......... ......... ......... .........
        ......... .........  8.24E-03
 
 OM45
+       ......... ......... ......... ......... ......... ......... ......... ......... ......... ......... ......... .........
         ......... ......... ......... ......... ......... ......... ......... ......... ......... ......... ......... .........
        ......... ......... ......... .........
 
 OM46
+       ......... ......... ......... ......... ......... ......... ......... ......... ......... ......... ......... .........
         ......... ......... ......... ......... ......... ......... ......... ......... ......... ......... ......... .........
        ......... ......... ......... ......... .........
 
 OM55
+       ......... ......... ......... ......... ......... ......... ......... ......... ......... ......... ......... .........
         ......... ......... ......... ......... ......... ......... ......... ......... ......... ......... ......... .........
        ......... ......... ......... ......... ......... .........
 
 OM56
+       ......... ......... ......... ......... ......... ......... ......... ......... ......... ......... ......... .........
         ......... ......... ......... ......... ......... ......... ......... ......... ......... ......... ......... .........
        ......... ......... ......... ......... ......... ......... .........
 
 OM66
+       ......... ......... ......... ......... ......... ......... ......... ......... ......... ......... ......... .........
         ......... ......... ......... ......... ......... ......... ......... ......... ......... ......... ......... .........
        ......... ......... ......... ......... ......... ......... ......... .........
 
 SG11
+       ......... ......... ......... ......... ......... ......... ......... ......... ......... ......... ......... .........
         ......... ......... ......... ......... ......... ......... ......... ......... ......... ......... ......... .........
        ......... ......... ......... ......... ......... ......... ......... ......... .........
 
1

            TH 1      TH 2      TH 3      TH 4      TH 5      TH 6      TH 7      TH 8      TH 9      TH10      TH11      OM11  
             OM12      OM13      OM14      OM15      OM16      OM22      OM23      OM24      OM25      OM26      OM33      OM34  
            OM35      OM36      OM44      OM45      OM46      OM55      OM56      OM66      SG11      SG12      SG22  
 
 SG12
+       ......... ......... ......... ......... ......... ......... ......... ......... ......... ......... ......... .........
         ......... ......... ......... ......... ......... ......... ......... ......... ......... ......... ......... .........
        ......... ......... ......... ......... ......... ......... ......... ......... ......... .........
 
 SG22
+       ......... ......... ......... ......... ......... ......... ......... ......... ......... ......... ......... .........
         ......... ......... ......... ......... ......... ......... ......... ......... ......... ......... ......... .........
        ......... ......... ......... ......... ......... ......... ......... ......... ......... ......... .........
 
1
 ************************************************************************************************************************
 ********************                                                                                ********************
 ********************                LAPLACIAN CONDITIONAL ESTIMATION WITH INTERACTION               ********************
 ********************                          CORRELATION MATRIX OF ESTIMATE                        ********************
 ********************                                                                                ********************
 ************************************************************************************************************************
 

            TH 1      TH 2      TH 3      TH 4      TH 5      TH 6      TH 7      TH 8      TH 9      TH10      TH11      OM11  
             OM12      OM13      OM14      OM15      OM16      OM22      OM23      OM24      OM25      OM26      OM33      OM34  
            OM35      OM36      OM44      OM45      OM46      OM55      OM56      OM66      SG11      SG12      SG22  
 
 TH 1
+        2.59E+01
 
 TH 2
+       -4.35E-01  1.26E+02
 
 TH 3
+       -4.59E-01  9.34E-01  3.14E-01
 
 TH 4
+        2.08E-02  2.31E-01  1.73E-01  2.48E-02
 
 TH 5
+       ......... ......... ......... ......... .........
 
 TH 6
+        6.77E-01 -2.89E-01 -3.38E-01  7.28E-02 .........  1.02E+02
 
 TH 7
+        6.05E-01  1.56E-01  1.86E-01  7.12E-02 .........  7.50E-01  2.29E+01
 
 TH 8
+        6.19E-01  8.70E-02  8.35E-02  1.61E-01 .........  3.67E-01  5.12E-01  2.40E+00
 
 TH 9
+       -4.41E-01  3.77E-01  4.16E-01 -3.14E-02 ......... -2.09E-02  1.76E-01 -8.24E-02  1.68E+00
 
 TH10
+       -7.45E-01  4.53E-01  4.87E-01 -2.12E-01 ......... -2.97E-01 -1.23E-01 -2.11E-01  7.72E-01  6.55E-01
 
 TH11
+        3.65E-01  1.38E-01  1.01E-01 -1.03E-01 .........  5.70E-01  7.16E-01  5.22E-01  4.87E-01  2.31E-01  9.86E-02
 
 OM11
+       -8.31E-01  7.76E-01  8.37E-01  6.55E-03 ......... -5.23E-01 -1.60E-01 -3.17E-01  6.15E-01  7.87E-01 -5.03E-02  5.82E-02
 
 OM12
+       ......... ......... ......... ......... ......... ......... ......... ......... ......... ......... ......... .........
         .........
 
 OM13
+       ......... ......... ......... ......... ......... ......... ......... ......... ......... ......... ......... .........
         ......... .........
 
 OM14
+       ......... ......... ......... ......... ......... ......... ......... ......... ......... ......... ......... .........
         ......... ......... .........
 
 OM15
+       ......... ......... ......... ......... ......... ......... ......... ......... ......... ......... ......... .........
         ......... ......... ......... .........
 
 OM16
+       ......... ......... ......... ......... ......... ......... ......... ......... ......... ......... ......... .........
         ......... ......... ......... ......... .........
 
 OM22
+       ......... ......... ......... ......... ......... ......... ......... ......... ......... ......... ......... .........
         ......... ......... ......... ......... ......... .........
 
 OM23
+       ......... ......... ......... ......... ......... ......... ......... ......... ......... ......... ......... .........
         ......... ......... ......... ......... ......... ......... .........
 
1

            TH 1      TH 2      TH 3      TH 4      TH 5      TH 6      TH 7      TH 8      TH 9      TH10      TH11      OM11  
             OM12      OM13      OM14      OM15      OM16      OM22      OM23      OM24      OM25      OM26      OM33      OM34  
            OM35      OM36      OM44      OM45      OM46      OM55      OM56      OM66      SG11      SG12      SG22  
 
 OM24
+       ......... ......... ......... ......... ......... ......... ......... ......... ......... ......... ......... .........
         ......... ......... ......... ......... ......... ......... ......... .........
 
 OM25
+       ......... ......... ......... ......... ......... ......... ......... ......... ......... ......... ......... .........
         ......... ......... ......... ......... ......... ......... ......... ......... .........
 
 OM26
+       ......... ......... ......... ......... ......... ......... ......... ......... ......... ......... ......... .........
         ......... ......... ......... ......... ......... ......... ......... ......... ......... .........
 
 OM33
+       ......... ......... ......... ......... ......... ......... ......... ......... ......... ......... ......... .........
         ......... ......... ......... ......... ......... ......... ......... ......... ......... ......... .........
 
 OM34
+       ......... ......... ......... ......... ......... ......... ......... ......... ......... ......... ......... .........
         ......... ......... ......... ......... ......... ......... ......... ......... ......... ......... ......... .........
 
 OM35
+       ......... ......... ......... ......... ......... ......... ......... ......... ......... ......... ......... .........
         ......... ......... ......... ......... ......... ......... ......... ......... ......... ......... ......... .........
        .........
 
 OM36
+       ......... ......... ......... ......... ......... ......... ......... ......... ......... ......... ......... .........
         ......... ......... ......... ......... ......... ......... ......... ......... ......... ......... ......... .........
        ......... .........
 
 OM44
+       -7.94E-01  1.88E-01  1.83E-01  7.92E-02 ......... -8.00E-01 -8.86E-01 -5.80E-01 -2.80E-02  2.71E-01 -7.56E-01  4.97E-01
         ......... ......... ......... ......... ......... ......... ......... ......... ......... ......... ......... .........
        ......... .........  9.08E-02
 
 OM45
+       ......... ......... ......... ......... ......... ......... ......... ......... ......... ......... ......... .........
         ......... ......... ......... ......... ......... ......... ......... ......... ......... ......... ......... .........
        ......... ......... ......... .........
 
 OM46
+       ......... ......... ......... ......... ......... ......... ......... ......... ......... ......... ......... .........
         ......... ......... ......... ......... ......... ......... ......... ......... ......... ......... ......... .........
        ......... ......... ......... ......... .........
 
 OM55
+       ......... ......... ......... ......... ......... ......... ......... ......... ......... ......... ......... .........
         ......... ......... ......... ......... ......... ......... ......... ......... ......... ......... ......... .........
        ......... ......... ......... ......... ......... .........
 
 OM56
+       ......... ......... ......... ......... ......... ......... ......... ......... ......... ......... ......... .........
         ......... ......... ......... ......... ......... ......... ......... ......... ......... ......... ......... .........
        ......... ......... ......... ......... ......... ......... .........
 
 OM66
+       ......... ......... ......... ......... ......... ......... ......... ......... ......... ......... ......... .........
         ......... ......... ......... ......... ......... ......... ......... ......... ......... ......... ......... .........
        ......... ......... ......... ......... ......... ......... ......... .........
 
 SG11
+       ......... ......... ......... ......... ......... ......... ......... ......... ......... ......... ......... .........
         ......... ......... ......... ......... ......... ......... ......... ......... ......... ......... ......... .........
        ......... ......... ......... ......... ......... ......... ......... ......... .........
 
1

            TH 1      TH 2      TH 3      TH 4      TH 5      TH 6      TH 7      TH 8      TH 9      TH10      TH11      OM11  
             OM12      OM13      OM14      OM15      OM16      OM22      OM23      OM24      OM25      OM26      OM33      OM34  
            OM35      OM36      OM44      OM45      OM46      OM55      OM56      OM66      SG11      SG12      SG22  
 
 SG12
+       ......... ......... ......... ......... ......... ......... ......... ......... ......... ......... ......... .........
         ......... ......... ......... ......... ......... ......... ......... ......... ......... ......... ......... .........
        ......... ......... ......... ......... ......... ......... ......... ......... ......... .........
 
 SG22
+       ......... ......... ......... ......... ......... ......... ......... ......... ......... ......... ......... .........
         ......... ......... ......... ......... ......... ......... ......... ......... ......... ......... ......... .........
        ......... ......... ......... ......... ......... ......... ......... ......... ......... ......... .........
 
1
 ************************************************************************************************************************
 ********************                                                                                ********************
 ********************                LAPLACIAN CONDITIONAL ESTIMATION WITH INTERACTION               ********************
 ********************                      INVERSE COVARIANCE MATRIX OF ESTIMATE                     ********************
 ********************                                                                                ********************
 ************************************************************************************************************************
 

            TH 1      TH 2      TH 3      TH 4      TH 5      TH 6      TH 7      TH 8      TH 9      TH10      TH11      OM11  
             OM12      OM13      OM14      OM15      OM16      OM22      OM23      OM24      OM25      OM26      OM33      OM34  
            OM35      OM36      OM44      OM45      OM46      OM55      OM56      OM66      SG11      SG12      SG22  
 
 TH 1
+        1.10E-01
 
 TH 2
+       -1.98E-03  6.95E-04
 
 TH 3
+        2.07E+00 -3.68E-01  5.11E+02
 
 TH 4
+        1.31E+01 -4.37E-01  8.45E+01  4.37E+03
 
 TH 5
+       ......... ......... ......... ......... .........
 
 TH 6
+        2.45E-03 -1.33E-04  1.58E-01  1.25E-01 .........  6.69E-04
 
 TH 7
+       -5.11E-02  1.00E-03 -8.62E-01 -8.78E+00 ......... -4.97E-03  8.38E-02
 
 TH 8
+       -3.25E-01  1.05E-02 -1.92E+01 -4.02E+01 ......... -5.11E-03  1.19E-01  1.74E+00
 
 TH 9
+       -1.48E-01  7.96E-03  3.93E+00 -4.43E+01 ......... -2.18E-03  8.51E-02  3.58E-01  1.99E+00
 
 TH10
+        1.93E+00 -5.03E-02  1.02E+02  2.33E+02 .........  1.28E-02 -2.97E-01 -8.28E+00 -2.80E+00  6.30E+01
 
 TH11
+        1.10E+00 -3.18E-01  2.26E+02  1.89E+02 ......... -7.87E-02  1.36E+00 -1.34E+01 -1.38E+01  3.68E+01  8.19E+02
 
 OM11
+        1.31E+01  4.47E-01 -2.59E+03  3.78E+03 .........  9.49E-01 -2.44E+01  6.36E+01 -9.90E+01 -4.85E+02 -1.16E+03  2.88E+04
 
 OM12
+       ......... ......... ......... ......... ......... ......... ......... ......... ......... ......... ......... .........
         .........
 
 OM13
+       ......... ......... ......... ......... ......... ......... ......... ......... ......... ......... ......... .........
         ......... .........
 
 OM14
+       ......... ......... ......... ......... ......... ......... ......... ......... ......... ......... ......... .........
         ......... ......... .........
 
 OM15
+       ......... ......... ......... ......... ......... ......... ......... ......... ......... ......... ......... .........
         ......... ......... ......... .........
 
 OM16
+       ......... ......... ......... ......... ......... ......... ......... ......... ......... ......... ......... .........
         ......... ......... ......... ......... .........
 
 OM22
+       ......... ......... ......... ......... ......... ......... ......... ......... ......... ......... ......... .........
         ......... ......... ......... ......... ......... .........
 
 OM23
+       ......... ......... ......... ......... ......... ......... ......... ......... ......... ......... ......... .........
         ......... ......... ......... ......... ......... ......... .........
 
1

            TH 1      TH 2      TH 3      TH 4      TH 5      TH 6      TH 7      TH 8      TH 9      TH10      TH11      OM11  
             OM12      OM13      OM14      OM15      OM16      OM22      OM23      OM24      OM25      OM26      OM33      OM34  
            OM35      OM36      OM44      OM45      OM46      OM55      OM56      OM66      SG11      SG12      SG22  
 
 OM24
+       ......... ......... ......... ......... ......... ......... ......... ......... ......... ......... ......... .........
         ......... ......... ......... ......... ......... ......... ......... .........
 
 OM25
+       ......... ......... ......... ......... ......... ......... ......... ......... ......... ......... ......... .........
         ......... ......... ......... ......... ......... ......... ......... ......... .........
 
 OM26
+       ......... ......... ......... ......... ......... ......... ......... ......... ......... ......... ......... .........
         ......... ......... ......... ......... ......... ......... ......... ......... ......... .........
 
 OM33
+       ......... ......... ......... ......... ......... ......... ......... ......... ......... ......... ......... .........
         ......... ......... ......... ......... ......... ......... ......... ......... ......... ......... .........
 
 OM34
+       ......... ......... ......... ......... ......... ......... ......... ......... ......... ......... ......... .........
         ......... ......... ......... ......... ......... ......... ......... ......... ......... ......... ......... .........
 
 OM35
+       ......... ......... ......... ......... ......... ......... ......... ......... ......... ......... ......... .........
         ......... ......... ......... ......... ......... ......... ......... ......... ......... ......... ......... .........
        .........
 
 OM36
+       ......... ......... ......... ......... ......... ......... ......... ......... ......... ......... ......... .........
         ......... ......... ......... ......... ......... ......... ......... ......... ......... ......... ......... .........
        ......... .........
 
 OM44
+        2.65E+00 -4.24E-01  7.09E+02 -1.06E+03 ......... -4.90E-01  1.45E+01 -2.96E+01  1.20E+01  2.59E+02  1.18E+03 -8.41E+03
         ......... ......... ......... ......... ......... ......... ......... ......... ......... ......... ......... .........
        ......... .........  5.88E+03
 
 OM45
+       ......... ......... ......... ......... ......... ......... ......... ......... ......... ......... ......... .........
         ......... ......... ......... ......... ......... ......... ......... ......... ......... ......... ......... .........
        ......... ......... ......... .........
 
 OM46
+       ......... ......... ......... ......... ......... ......... ......... ......... ......... ......... ......... .........
         ......... ......... ......... ......... ......... ......... ......... ......... ......... ......... ......... .........
        ......... ......... ......... ......... .........
 
 OM55
+       ......... ......... ......... ......... ......... ......... ......... ......... ......... ......... ......... .........
         ......... ......... ......... ......... ......... ......... ......... ......... ......... ......... ......... .........
        ......... ......... ......... ......... ......... .........
 
 OM56
+       ......... ......... ......... ......... ......... ......... ......... ......... ......... ......... ......... .........
         ......... ......... ......... ......... ......... ......... ......... ......... ......... ......... ......... .........
        ......... ......... ......... ......... ......... ......... .........
 
 OM66
+       ......... ......... ......... ......... ......... ......... ......... ......... ......... ......... ......... .........
         ......... ......... ......... ......... ......... ......... ......... ......... ......... ......... ......... .........
        ......... ......... ......... ......... ......... ......... ......... .........
 
 SG11
+       ......... ......... ......... ......... ......... ......... ......... ......... ......... ......... ......... .........
         ......... ......... ......... ......... ......... ......... ......... ......... ......... ......... ......... .........
        ......... ......... ......... ......... ......... ......... ......... ......... .........
 
1

            TH 1      TH 2      TH 3      TH 4      TH 5      TH 6      TH 7      TH 8      TH 9      TH10      TH11      OM11  
             OM12      OM13      OM14      OM15      OM16      OM22      OM23      OM24      OM25      OM26      OM33      OM34  
            OM35      OM36      OM44      OM45      OM46      OM55      OM56      OM66      SG11      SG12      SG22  
 
 SG12
+       ......... ......... ......... ......... ......... ......... ......... ......... ......... ......... ......... .........
         ......... ......... ......... ......... ......... ......... ......... ......... ......... ......... ......... .........
        ......... ......... ......... ......... ......... ......... ......... ......... ......... .........
 
 SG22
+       ......... ......... ......... ......... ......... ......... ......... ......... ......... ......... ......... .........
         ......... ......... ......... ......... ......... ......... ......... ......... ......... ......... ......... .........
        ......... ......... ......... ......... ......... ......... ......... ......... ......... ......... .........
 
1
 
 
 
 
 
 
 
 
 
 
 
 
 
 
 
 
 
 
 
 
 ************************************************************************************************************************
 ********************                                                                                ********************
 ********************                LAPLACIAN CONDITIONAL ESTIMATION WITH INTERACTION               ********************
 ********************                      EIGENVALUES OF COR MATRIX OF ESTIMATE                     ********************
 ********************                                                                                ********************
 ************************************************************************************************************************
 

             1         2         3         4         5         6         7         8         9        10        11        12

 
         5.83E-03  7.92E-03  2.17E-02  5.31E-02  1.16E-01  1.63E-01  2.20E-01  5.90E-01  8.09E-01  1.51E+00  3.39E+00  5.11E+00
 
 Elapsed finaloutput time in seconds:     0.31
 #CPUT: Total CPU Time in Seconds,      432.626
Stop Time:
Thu Apr 11 14:58:38 PDT 2024
